Component: ARM Compiler 5.06 update 1 (build 61) Tool: armlink [4d35a8]

==============================================================================

Section Cross References

    startup_stm32f103xe.o(RESET) refers to startup_stm32f103xe.o(STACK) for __initial_sp
    startup_stm32f103xe.o(RESET) refers to startup_stm32f103xe.o(.text) for Reset_Handler
    startup_stm32f103xe.o(RESET) refers to stm32f1xx_it.o(i.NMI_Handler) for NMI_Handler
    startup_stm32f103xe.o(RESET) refers to stm32f1xx_it.o(i.HardFault_Handler) for HardFault_Handler
    startup_stm32f103xe.o(RESET) refers to stm32f1xx_it.o(i.MemManage_Handler) for MemManage_Handler
    startup_stm32f103xe.o(RESET) refers to stm32f1xx_it.o(i.BusFault_Handler) for BusFault_Handler
    startup_stm32f103xe.o(RESET) refers to stm32f1xx_it.o(i.UsageFault_Handler) for UsageFault_Handler
    startup_stm32f103xe.o(RESET) refers to stm32f1xx_it.o(i.SVC_Handler) for SVC_Handler
    startup_stm32f103xe.o(RESET) refers to stm32f1xx_it.o(i.DebugMon_Handler) for DebugMon_Handler
    startup_stm32f103xe.o(RESET) refers to stm32f1xx_it.o(i.PendSV_Handler) for PendSV_Handler
    startup_stm32f103xe.o(RESET) refers to stm32f1xx_it.o(i.SysTick_Handler) for SysTick_Handler
    startup_stm32f103xe.o(RESET) refers to stm32f1xx_it.o(i.TIM3_IRQHandler) for TIM3_IRQHandler
    startup_stm32f103xe.o(RESET) refers to stm32f1xx_it.o(i.USART1_IRQHandler) for USART1_IRQHandler
    startup_stm32f103xe.o(.text) refers to system_stm32f1xx.o(i.SystemInit) for SystemInit
    startup_stm32f103xe.o(.text) refers to entry.o(.ARM.Collect$$$$00000000) for __main
    main.o(i.Climb) refers to pid.o(i.PID_Anglerealize) for PID_Anglerealize
    main.o(i.Climb) refers to fadd.o(.text) for __aeabi_fsub
    main.o(i.Climb) refers to main.o(i.MotorPidSetSpeed) for MotorPidSetSpeed
    main.o(i.Climb) refers to pid.o(.bss) for pidMPU6050PitchMovement
    main.o(i.Climb) refers to mpu6050.o(.data) for Pitch
    main.o(i.Climb) refers to main.o(.data) for .data
    main.o(i.HAL_TIM_PeriodElapsedCallback) refers to fflti.o(.text) for __aeabi_i2f
    main.o(i.HAL_TIM_PeriodElapsedCallback) refers to fmul.o(.text) for __aeabi_fmul
    main.o(i.HAL_TIM_PeriodElapsedCallback) refers to fdiv.o(.text) for __aeabi_fdiv
    main.o(i.HAL_TIM_PeriodElapsedCallback) refers to fscalb.o(.text) for __ARM_scalbnf
    main.o(i.HAL_TIM_PeriodElapsedCallback) refers to fadd.o(.text) for __aeabi_fadd
    main.o(i.HAL_TIM_PeriodElapsedCallback) refers to f2d.o(.text) for __aeabi_f2d
    main.o(i.HAL_TIM_PeriodElapsedCallback) refers to dmul.o(.text) for __aeabi_dmul
    main.o(i.HAL_TIM_PeriodElapsedCallback) refers to dadd.o(.text) for __aeabi_dadd
    main.o(i.HAL_TIM_PeriodElapsedCallback) refers to d2f.o(.text) for __aeabi_d2f
    main.o(i.HAL_TIM_PeriodElapsedCallback) refers to pid.o(i.PID_realize) for PID_realize
    main.o(i.HAL_TIM_PeriodElapsedCallback) refers to ffixi.o(.text) for __aeabi_f2iz
    main.o(i.HAL_TIM_PeriodElapsedCallback) refers to main.o(i.Motor_Control) for Motor_Control
    main.o(i.HAL_TIM_PeriodElapsedCallback) refers to main.o(.data) for .data
    main.o(i.HAL_TIM_PeriodElapsedCallback) refers to tim.o(.bss) for htim4
    main.o(i.HAL_TIM_PeriodElapsedCallback) refers to pid.o(.bss) for pidMotor1Speed
    main.o(i.MotorPidSetSpeed) refers to pid.o(i.PID_realize) for PID_realize
    main.o(i.MotorPidSetSpeed) refers to ffixi.o(.text) for __aeabi_f2iz
    main.o(i.MotorPidSetSpeed) refers to main.o(i.Motor_Control) for Motor_Control
    main.o(i.MotorPidSetSpeed) refers to pid.o(.bss) for pidMotor1Speed
    main.o(i.MotorPidSetSpeed) refers to main.o(.data) for .data
    main.o(i.MotorTurnAngle) refers to pid.o(i.PID_Anglerealize) for PID_Anglerealize
    main.o(i.MotorTurnAngle) refers to fadd.o(.text) for __aeabi_fsub
    main.o(i.MotorTurnAngle) refers to main.o(i.MotorPidSetSpeed) for MotorPidSetSpeed
    main.o(i.MotorTurnAngle) refers to pid.o(.bss) for pidMPU6050YawMovement
    main.o(i.MotorTurnAngle) refers to mpu6050.o(.data) for Yaw
    main.o(i.MotorTurnAngle) refers to main.o(.data) for .data
    main.o(i.Motor_Control) refers to main.o(i.XianFu_PWM) for XianFu_PWM
    main.o(i.Motor_Control) refers to main.o(i.Motor_Left) for Motor_Left
    main.o(i.Motor_Control) refers to main.o(i.Motor_Right) for Motor_Right
    main.o(i.Motor_Left) refers to tim.o(.bss) for htim3
    main.o(i.Motor_Right) refers to tim.o(.bss) for htim3
    main.o(i.OLED_Show) refers to memseta.o(.text) for __aeabi_memclr
    main.o(i.OLED_Show) refers to f2d.o(.text) for __aeabi_f2d
    main.o(i.OLED_Show) refers to printfa.o(i.__0sprintf) for __2sprintf
    main.o(i.OLED_Show) refers to bsp_oled.o(i.OLED_ShowString) for OLED_ShowString
    main.o(i.OLED_Show) refers to adc.o(i.adcGetBatteryVoltage) for adcGetBatteryVoltage
    main.o(i.OLED_Show) refers to bsp_oled.o(i.OLED_Refresh_Gram) for OLED_Refresh_Gram
    main.o(i.OLED_Show) refers to bsp_oled.o(.bss) for OLED_GRAM
[...]
    i.UART_SetConfig                         0x08003df4   Section        0  stm32f1xx_hal_uart.o(i.UART_SetConfig)
    UART_SetConfig                           0x08003df5   Thumb Code   178  stm32f1xx_hal_uart.o(i.UART_SetConfig)
    i.UART_WaitOnFlagUntilTimeout            0x08003eac   Section        0  stm32f1xx_hal_uart.o(i.UART_WaitOnFlagUntilTimeout)
    UART_WaitOnFlagUntilTimeout              0x08003ead   Thumb Code   120  stm32f1xx_hal_uart.o(i.UART_WaitOnFlagUntilTimeout)
    i.USART1_IRQHandler                      0x08003f24   Section        0  stm32f1xx_it.o(i.USART1_IRQHandler)
    i.UsageFault_Handler                     0x08003f68   Section        0  stm32f1xx_it.o(i.UsageFault_Handler)
    i.XianFu_PWM                             0x08003f6a   Section        0  main.o(i.XianFu_PWM)
    i.__0printf                              0x08003f7c   Section        0  printfa.o(i.__0printf)
    i.__0sprintf                             0x08003f9c   Section        0  printfa.o(i.__0sprintf)
    i.__ARM_fpclassify                       0x08003fc4   Section        0  fpclassify.o(i.__ARM_fpclassify)
    i.__NVIC_SetPriority                     0x08003fec   Section        0  stm32f1xx_hal_cortex.o(i.__NVIC_SetPriority)
    __NVIC_SetPriority                       0x08003fed   Thumb Code    32  stm32f1xx_hal_cortex.o(i.__NVIC_SetPriority)
    i.__kernel_poly                          0x0800400c   Section        0  poly.o(i.__kernel_poly)
    i.__mathlib_dbl_infnan                   0x080040b6   Section        0  dunder.o(i.__mathlib_dbl_infnan)
    i.__mathlib_dbl_infnan2                  0x080040bc   Section        0  dunder.o(i.__mathlib_dbl_infnan2)
    i.__mathlib_dbl_invalid                  0x080040c0   Section        0  dunder.o(i.__mathlib_dbl_invalid)
    i.__mathlib_dbl_underflow                0x080040cc   Section        0  dunder.o(i.__mathlib_dbl_underflow)
    i.__scatterload_copy                     0x080040dc   Section       14  handlers.o(i.__scatterload_copy)
    i.__scatterload_null                     0x080040ea   Section        2  handlers.o(i.__scatterload_null)
    i.__scatterload_zeroinit                 0x080040ec   Section       14  handlers.o(i.__scatterload_zeroinit)
    i.__set_errno                            0x080040fc   Section        0  errno.o(i.__set_errno)
    i._fp_digits                             0x08004108   Section        0  printfa.o(i._fp_digits)
    _fp_digits                               0x08004109   Thumb Code   334  printfa.o(i._fp_digits)
    i._printf_core                           0x0800426c   Section        0  printfa.o(i._printf_core)
    _printf_core                             0x0800426d   Thumb Code  1744  printfa.o(i._printf_core)
    i._printf_post_padding                   0x08004948   Section        0  printfa.o(i._printf_post_padding)
    _printf_post_padding                     0x08004949   Thumb Code    36  printfa.o(i._printf_post_padding)
    i._printf_pre_padding                    0x0800496c   Section        0  printfa.o(i._printf_pre_padding)
    _printf_pre_padding                      0x0800496d   Thumb Code    46  printfa.o(i._printf_pre_padding)
    i._sputc                                 0x0800499a   Section        0  printfa.o(i._sputc)
    _sputc                                   0x0800499b   Thumb Code    10  printfa.o(i._sputc)
    i.accel_self_test                        0x080049a4   Section        0  inv_mpu.o(i.accel_self_test)
    accel_self_test                          0x080049a5   Thumb Code   114  inv_mpu.o(i.accel_self_test)
    i.adcGetBatteryVoltage                   0x08004a24   Section        0  adc.o(i.adcGetBatteryVoltage)
    i.asin                                   0x08004a74   Section        0  asin.o(i.asin)
    i.atan                                   0x08004ce4   Section        0  atan.o(i.atan)
    i.atan2                                  0x08004f04   Section        0  atan2.o(i.atan2)
    i.dmp_enable_6x_lp_quat                  0x08005084   Section        0  inv_mpu_dmp_motion_driver.o(i.dmp_enable_6x_lp_quat)
    i.dmp_enable_feature                     0x080050c0   Section        0  inv_mpu_dmp_motion_driver.o(i.dmp_enable_feature)
    i.dmp_enable_gyro_cal                    0x08005298   Section        0  inv_mpu_dmp_motion_driver.o(i.dmp_enable_gyro_cal)
    i.dmp_enable_lp_quat                     0x080052d4   Section        0  inv_mpu_dmp_motion_driver.o(i.dmp_enable_lp_quat)
    i.dmp_load_motion_driver_firmware        0x08005310   Section        0  inv_mpu_dmp_motion_driver.o(i.dmp_load_motion_driver_firmware)
    i.dmp_read_fifo                          0x08005324   Section        0  inv_mpu_dmp_motion_driver.o(i.dmp_read_fifo)
    i.dmp_set_accel_bias                     0x08005468   Section        0  inv_mpu_dmp_motion_driver.o(i.dmp_set_accel_bias)
    i.dmp_set_fifo_rate                      0x08005540   Section        0  inv_mpu_dmp_motion_driver.o(i.dmp_set_fifo_rate)
    i.dmp_set_gyro_bias                      0x080055a4   Section        0  inv_mpu_dmp_motion_driver.o(i.dmp_set_gyro_bias)
    i.dmp_set_orientation                    0x08005670   Section        0  inv_mpu_dmp_motion_driver.o(i.dmp_set_orientation)
    i.dmp_set_shake_reject_thresh            0x0800577c   Section        0  inv_mpu_dmp_motion_driver.o(i.dmp_set_shake_reject_thresh)
    i.dmp_set_shake_reject_time              0x080057ac   Section        0  inv_mpu_dmp_motion_driver.o(i.dmp_set_shake_reject_time)
    i.dmp_set_shake_reject_timeout           0x080057cc   Section        0  inv_mpu_dmp_motion_driver.o(i.dmp_set_shake_reject_timeout)
    i.dmp_set_tap_axes                       0x080057ec   Section        0  inv_mpu_dmp_motion_driver.o(i.dmp_set_tap_axes)
    i.dmp_set_tap_count                      0x0800582c   Section        0  inv_mpu_dmp_motion_driver.o(i.dmp_set_tap_count)
    i.dmp_set_tap_thresh                     0x08005850   Section        0  inv_mpu_dmp_motion_driver.o(i.dmp_set_tap_thresh)
    i.dmp_set_tap_time                       0x08005978   Section        0  inv_mpu_dmp_motion_driver.o(i.dmp_set_tap_time)
    i.dmp_set_tap_time_multi                 0x08005998   Section        0  inv_mpu_dmp_motion_driver.o(i.dmp_set_tap_time_multi)
    i.fputc                                  0x080059b8   Section        0  fputc.o(i.fputc)
    i.get_accel_prod_shift                   0x080059cc   Section        0  inv_mpu.o(i.get_accel_prod_shift)
    get_accel_prod_shift                     0x080059cd   Thumb Code   158  inv_mpu.o(i.get_accel_prod_shift)
    i.get_st_biases                          0x08005a78   Section        0  inv_mpu.o(i.get_st_biases)
    get_st_biases                            0x08005a79   Thumb Code   784  inv_mpu.o(i.get_st_biases)
    i.gyro_self_test                         0x08005d8c   Section        0  inv_mpu.o(i.gyro_self_test)
    gyro_self_test                           0x08005d8d   Thumb Code   190  inv_mpu.o(i.gyro_self_test)
    i.i2cRead                                0x08005e60   Section        0  ioi2c.o(i.i2cRead)
    i.i2cWrite                               0x08005ed0   Section        0  ioi2c.o(i.i2cWrite)
    i.inv_row_2_scale                        0x08005f24   Section        0  mpu6050.o(i.inv_row_2_scale)
    inv_row_2_scale                          0x08005f25   Thumb Code    72  mpu6050.o(i.inv_row_2_scale)
    i.main                                   0x08005f6c   Section        0  main.o(i.main)
    i.mpu_configure_fifo                     0x08006038   Section        0  inv_mpu.o(i.mpu_configure_fifo)
    i.mpu_get_accel_fsr                      0x0800608c   Section        0  inv_mpu.o(i.mpu_get_accel_fsr)
    i.mpu_get_accel_sens                     0x080060c8   Section        0  inv_mpu.o(i.mpu_get_accel_sens)
    i.mpu_get_gyro_fsr                       0x0800610c   Section        0  inv_mpu.o(i.mpu_get_gyro_fsr)
    i.mpu_get_gyro_sens                      0x08006140   Section        0  inv_mpu.o(i.mpu_get_gyro_sens)
    i.mpu_get_lpf                            0x08006180   Section        0  inv_mpu.o(i.mpu_get_lpf)
    i.mpu_get_sample_rate                    0x080061b8   Section        0  inv_mpu.o(i.mpu_get_sample_rate)
    i.mpu_init                               0x080061d4   Section        0  inv_mpu.o(i.mpu_init)
    i.mpu_load_firmware                      0x0800635c   Section        0  inv_mpu.o(i.mpu_load_firmware)
    i.mpu_lp_accel_mode                      0x080063fc   Section        0  inv_mpu.o(i.mpu_lp_accel_mode)
    i.mpu_read_fifo_stream                   0x080064b4   Section        0  inv_mpu.o(i.mpu_read_fifo_stream)
    i.mpu_read_mem                           0x08006544   Section        0  inv_mpu.o(i.mpu_read_mem)
    i.mpu_reset_fifo                         0x08006598   Section        0  inv_mpu.o(i.mpu_reset_fifo)
    i.mpu_run_self_test                      0x080066e8   Section        0  inv_mpu.o(i.mpu_run_self_test)
    i.mpu_set_accel_fsr                      0x080067d8   Section        0  inv_mpu.o(i.mpu_set_accel_fsr)
    i.mpu_set_bypass                         0x08006840   Section        0  inv_mpu.o(i.mpu_set_bypass)
    i.mpu_set_dmp_state                      0x0800691c   Section        0  inv_mpu.o(i.mpu_set_dmp_state)
    i.mpu_set_gyro_fsr                       0x08006994   Section        0  inv_mpu.o(i.mpu_set_gyro_fsr)
    i.mpu_set_int_latched                    0x08006a00   Section        0  inv_mpu.o(i.mpu_set_int_latched)
    i.mpu_set_lpf                            0x08006a64   Section        0  inv_mpu.o(i.mpu_set_lpf)
    i.mpu_set_sample_rate                    0x08006ad0   Section        0  inv_mpu.o(i.mpu_set_sample_rate)
    i.mpu_set_sensors                        0x08006b50   Section        0  inv_mpu.o(i.mpu_set_sensors)
    i.mpu_write_mem                          0x08006c08   Section        0  inv_mpu.o(i.mpu_write_mem)
    i.myget_ms                               0x08006c5c   Section        0  inv_mpu.o(i.myget_ms)
    i.run_self_test                          0x08006c5e   Section        0  mpu6050.o(i.run_self_test)
    run_self_test                            0x08006c5f   Thumb Code   122  mpu6050.o(i.run_self_test)
    i.set_int_enable                         0x08006cd8   Section        0  inv_mpu.o(i.set_int_enable)
    set_int_enable                           0x08006cd9   Thumb Code    84  inv_mpu.o(i.set_int_enable)
    i.sqrt                                   0x08006d30   Section        0  sqrt.o(i.sqrt)
    .constdata                               0x08006d7c   Section     2660  bsp_oled.o(.constdata)
    oled_asc2_1206                           0x08006d7c   Data        1140  bsp_oled.o(.constdata)
    oled_asc2_1608                           0x080071f0   Data        1520  bsp_oled.o(.constdata)
    .constdata                               0x080077e0   Section       12  inv_mpu.o(.constdata)
    .constdata                               0x080077ec   Section       27  inv_mpu.o(.constdata)
    .constdata                               0x08007808   Section       40  inv_mpu.o(.constdata)
    .constdata                               0x08007830   Section     3062  inv_mpu_dmp_motion_driver.o(.constdata)
    dmp_memory                               0x08007830   Data        3062  inv_mpu_dmp_motion_driver.o(.constdata)
    .constdata                               0x08008426   Section       18  stm32f1xx_hal_rcc.o(.constdata)
    aPredivFactorTable                       0x08008426   Data           2  stm32f1xx_hal_rcc.o(.constdata)
    aPLLMULFactorTable                       0x08008428   Data          16  stm32f1xx_hal_rcc.o(.constdata)
    .constdata                               0x08008438   Section       18  stm32f1xx_hal_rcc_ex.o(.constdata)
    aPredivFactorTable                       0x08008438   Data           2  stm32f1xx_hal_rcc_ex.o(.constdata)
    aPLLMULFactorTable                       0x0800843a   Data          16  stm32f1xx_hal_rcc_ex.o(.constdata)
    .constdata                               0x0800844a   Section       16  system_stm32f1xx.o(.constdata)
    .constdata                               0x0800845a   Section        8  system_stm32f1xx.o(.constdata)
    .constdata                               0x08008468   Section       80  asin.o(.constdata)
    pS                                       0x08008468   Data          48  asin.o(.constdata)
    qS                                       0x08008498   Data          32  asin.o(.constdata)
    .constdata                               0x080084b8   Section      152  atan.o(.constdata)
    atanhi                                   0x080084b8   Data          32  atan.o(.constdata)
    atanlo                                   0x080084d8   Data          32  atan.o(.constdata)
    aTodd                                    0x080084f8   Data          40  atan.o(.constdata)
    aTeven                                   0x08008520   Data          48  atan.o(.constdata)
    .constdata                               0x08008550   Section        8  qnan.o(.constdata)
    .conststring                             0x08008558   Section       78  inv_mpu.o(.conststring)
    .data                                    0x20000000   Section       52  main.o(.data)
    Moto1                                    0x2000002c   Data           4  main.o(.data)
    Moto2                                    0x20000030   Data           4  main.o(.data)
    .data                                    0x20000034   Section        1  stm32f1xx_it.o(.data)
    .data                                    0x20000038   Section       44  inv_mpu.o(.data)
    st                                       0x20000038   Data          44  inv_mpu.o(.data)
    .data                                    0x20000064   Section       53  mpu6050.o(.data)
    gyro_orientation                         0x20000090   Data           9  mpu6050.o(.data)
    .data                                    0x2000009c   Section       12  stm32f1xx_hal.o(.data)
    .data                                    0x200000a8   Section        4  system_stm32f1xx.o(.data)
    .data                                    0x200000ac   Section        4  stdout.o(.data)
    .data                                    0x200000b0   Section        4  errno.o(.data)
    _errno                                   0x200000b0   Data           4  errno.o(.data)
    .bss                                     0x200000b4   Section       30  main.o(.bss)
    .bss                                     0x200000d4   Section       48  adc.o(.bss)
    .bss                                     0x20000104   Section      216  tim.o(.bss)
    .bss                                     0x200001dc   Section       72  usart.o(.bss)
    .bss                                     0x20000224   Section      256  stm32f1xx_it.o(.bss)
    .bss                                     0x20000324   Section     1024  bsp_oled.o(.bss)
    .bss                                     0x20000724   Section      208  pid.o(.bss)
    .bss                                     0x200007f4   Section       16  inv_mpu_dmp_motion_driver.o(.bss)
    dmp                                      0x200007f4   Data          16  inv_mpu_dmp_motion_driver.o(.bss)
    STACK                                    0x20000808   Section     2048  startup_stm32f103xe.o(STACK)

    Global Symbols

    Symbol Name                              Value     Ov Type        Size  Object(Section)

    BuildAttributes$$THM_ISAv4$P$D$K$B$S$PE$A:L22UL41UL21$X:L11$S22US41US21$IEEE1$IW$USESV6$~STKCKD$USESV7$~SHL$OTIME$ROPI$IEEEX$EBA8$MICROLIB$REQ8$PRES8$EABIv2 0x00000000   Number         0  anon$$obj.o ABSOLUTE
    __ARM_use_no_argv                        0x00000000   Number         0  main.o ABSOLUTE
    _printf_a                                0x00000000   Number         0  stubs.o ABSOLUTE
    _printf_c                                0x00000000   Number         0  stubs.o ABSOLUTE
    _printf_charcount                        0x00000000   Number         0  stubs.o ABSOLUTE
    _printf_d                                0x00000000   Number         0  stubs.o ABSOLUTE
    _printf_e                                0x00000000   Number         0  stubs.o ABSOLUTE
    _printf_f                                0x00000000   Number         0  stubs.o ABSOLUTE
    _printf_flags                            0x00000000   Number         0  stubs.o ABSOLUTE
    _printf_fp_dec                           0x00000000   Number         0  stubs.o ABSOLUTE
    _printf_fp_hex                           0x00000000   Number         0  stubs.o ABSOLUTE
    _printf_g                                0x00000000   Number         0  stubs.o ABSOLUTE
    _printf_i                                0x00000000   Number         0  stubs.o ABSOLUTE
    _printf_int_dec                          0x00000000   Number         0  stubs.o ABSOLUTE
    _printf_l                                0x00000000   Number         0  stubs.o ABSOLUTE
    _printf_lc                               0x00000000   Number         0  stubs.o ABSOLUTE
    _printf_ll                               0x00000000   Number         0  stubs.o ABSOLUTE
    _printf_lld                              0x00000000   Number         0  stubs.o ABSOLUTE
    _printf_lli                              0x00000000   Number         0  stubs.o ABSOLUTE
    _printf_llo                              0x00000000   Number         0  stubs.o ABSOLUTE
    _printf_llu                              0x00000000   Number         0  stubs.o ABSOLUTE
    _printf_llx                              0x00000000   Number         0  stubs.o ABSOLUTE
    _printf_longlong_dec                     0x00000000   Number         0  stubs.o ABSOLUTE
    _printf_longlong_hex                     0x00000000   Number         0  stubs.o ABSOLUTE
    _printf_longlong_oct                     0x00000000   Number         0  stubs.o ABSOLUTE
    _printf_ls                               0x00000000   Number         0  stubs.o ABSOLUTE
    _printf_mbtowc                           0x00000000   Number         0  stubs.o ABSOLUTE
    _printf_n                                0x00000000   Number         0  stubs.o ABSOLUTE
    _printf_o                                0x00000000   Number         0  stubs.o ABSOLUTE
    _printf_p                                0x00000000   Number         0  stubs.o ABSOLUTE
    _printf_percent                          0x00000000   Number         0  stubs.o ABSOLUTE
    _printf_pre_padding                      0x00000000   Number         0  stubs.o ABSOLUTE
    _printf_return_value                     0x00000000   Number         0  stubs.o ABSOLUTE
    _printf_s                                0x00000000   Number         0  stubs.o ABSOLUTE
    _printf_sizespec                         0x00000000   Number         0  stubs.o ABSOLUTE
    _printf_str                              0x00000000   Number         0  stubs.o ABSOLUTE
    _printf_truncate_signed                  0x00000000   Number         0  stubs.o ABSOLUTE
    _printf_truncate_unsigned                0x00000000   Number         0  stubs.o ABSOLUTE
    _printf_u                                0x00000000   Number         0  stubs.o ABSOLUTE
    _printf_wc                               0x00000000   Number         0  stubs.o ABSOLUTE
    _printf_wctomb                           0x00000000   Number         0  stubs.o ABSOLUTE
    _printf_widthprec                        0x00000000   Number         0  stubs.o ABSOLUTE
    _printf_x                                0x00000000   Number         0  stubs.o ABSOLUTE
    __cpp_initialize__aeabi_                  - Undefined Weak Reference
    __cxa_finalize                            - Undefined Weak Reference
    __decompress                              - Undefined Weak Reference
    _clock_init                               - Undefined Weak Reference
    _microlib_exit                            - Undefined Weak Reference
    __Vectors_Size                           0x00000130   Number         0  startup_stm32f103xe.o ABSOLUTE
    __Vectors                                0x08000000   Data           4  startup_stm32f103xe.o(RESET)
    __Vectors_End                            0x08000130   Data           0  startup_stm32f103xe.o(RESET)
    __main                                   0x08000131   Thumb Code     0  entry.o(.ARM.Collect$$$$00000000)
    _main_stk                                0x08000131   Thumb Code     0  entry2.o(.ARM.Collect$$$$00000001)
    _main_scatterload                        0x08000135   Thumb Code     0  entry5.o(.ARM.Collect$$$$00000004)
    __main_after_scatterload                 0x08000139   Thumb Code     0  entry5.o(.ARM.Collect$$$$00000004)
    _main_clock                              0x08000139   Thumb Code     0  entry7b.o(.ARM.Collect$$$$00000008)
    _main_cpp_init                           0x08000139   Thumb Code     0  entry8b.o(.ARM.Collect$$$$0000000A)
    _main_init                               0x08000139   Thumb Code     0  entry9a.o(.ARM.Collect$$$$0000000B)
    __rt_final_cpp                           0x08000141   Thumb Code     0  entry10a.o(.ARM.Collect$$$$0000000D)
    __rt_final_exit                          0x08000141   Thumb Code     0  entry11a.o(.ARM.Collect$$$$0000000F)
    Reset_Handler                            0x08000145   Thumb Code     8  startup_stm32f103xe.o(.text)
    ADC1_2_IRQHandler                        0x0800015f   Thumb Code     0  startup_stm32f103xe.o(.text)
    ADC3_IRQHandler                          0x0800015f   Thumb Code     0  startup_stm32f103xe.o(.text)
    CAN1_RX1_IRQHandler                      0x0800015f   Thumb Code     0  startup_stm32f103xe.o(.text)
    CAN1_SCE_IRQHandler                      0x0800015f   Thumb Code     0  startup_stm32f103xe.o(.text)
    DMA1_Channel1_IRQHandler                 0x0800015f   Thumb Code     0  startup_stm32f103xe.o(.text)
    DMA1_Channel2_IRQHandler                 0x0800015f   Thumb Code     0  startup_stm32f103xe.o(.text)
    DMA1_Channel3_IRQHandler                 0x0800015f   Thumb Code     0  startup_stm32f103xe.o(.text)
    DMA1_Channel4_IRQHandler                 0x0800015f   Thumb Code     0  startup_stm32f103xe.o(.text)
    DMA1_Channel5_IRQHandler                 0x0800015f   Thumb Code     0  startup_stm32f103xe.o(.text)
    DMA1_Channel6_IRQHandler                 0x0800015f   Thumb Code     0  startup_stm32f103xe.o(.text)
    DMA1_Channel7_IRQHandler                 0x0800015f   Thumb Code     0  startup_stm32f103xe.o(.text)
    DMA2_Channel1_IRQHandler                 0x0800015f   Thumb Code     0  startup_stm32f103xe.o(.text)
    DMA2_Channel2_IRQHandler                 0x0800015f   Thumb Code     0  startup_stm32f103xe.o(.text)
    DMA2_Channel3_IRQHandler                 0x0800015f   Thumb Code     0  startup_stm32f103xe.o(.text)
    DMA2_Channel4_5_IRQHandler               0x0800015f   Thumb Code     0  startup_stm32f103xe.o(.text)
    EXTI0_IRQHandler                         0x0800015f   Thumb Code     0  startup_stm32f103xe.o(.text)
    EXTI15_10_IRQHandler                     0x0800015f   Thumb Code     0  startup_stm32f103xe.o(.text)
    EXTI1_IRQHandler                         0x0800015f   Thumb Code     0  startup_stm32f103xe.o(.text)
    EXTI2_IRQHandler                         0x0800015f   Thumb Code     0  startup_stm32f103xe.o(.text)
    EXTI3_IRQHandler                         0x0800015f   Thumb Code     0  startup_stm32f103xe.o(.text)
    EXTI4_IRQHandler                         0x0800015f   Thumb Code     0  startup_stm32f103xe.o(.text)
    EXTI9_5_IRQHandler                       0x0800015f   Thumb Code     0  startup_stm32f103xe.o(.text)
    FLASH_IRQHandler                         0x0800015f   Thumb Code     0  startup_stm32f103xe.o(.text)
    FSMC_IRQHandler                          0x0800015f   Thumb Code     0  startup_stm32f103xe.o(.text)
    I2C1_ER_IRQHandler                       0x0800015f   Thumb Code     0  startup_stm32f103xe.o(.text)
    I2C1_EV_IRQHandler                       0x0800015f   Thumb Code     0  startup_stm32f103xe.o(.text)
    I2C2_ER_IRQHandler                       0x0800015f   Thumb Code     0  startup_stm32f103xe.o(.text)
    I2C2_EV_IRQHandler                       0x0800015f   Thumb Code     0  startup_stm32f103xe.o(.text)
    PVD_IRQHandler                           0x0800015f   Thumb Code     0  startup_stm32f103xe.o(.text)
    RCC_IRQHandler                           0x0800015f   Thumb Code     0  startup_stm32f103xe.o(.text)
    RTC_Alarm_IRQHandler                     0x0800015f   Thumb Code     0  startup_stm32f103xe.o(.text)
    RTC_IRQHandler                           0x0800015f   Thumb Code     0  startup_stm32f103xe.o(.text)
    SDIO_IRQHandler                          0x0800015f   Thumb Code     0  startup_stm32f103xe.o(.text)
    SPI1_IRQHandler                          0x0800015f   Thumb Code     0  startup_stm32f103xe.o(.text)
    SPI2_IRQHandler                          0x0800015f   Thumb Code     0  startup_stm32f103xe.o(.text)
    SPI3_IRQHandler                          0x0800015f   Thumb Code     0  startup_stm32f103xe.o(.text)
    TAMPER_IRQHandler                        0x0800015f   Thumb Code     0  startup_stm32f103xe.o(.text)
    TIM1_BRK_IRQHandler                      0x0800015f   Thumb Code     0  startup_stm32f103xe.o(.text)
    TIM1_CC_IRQHandler                       0x0800015f   Thumb Code     0  startup_stm32f103xe.o(.text)
    TIM1_TRG_COM_IRQHandler                  0x0800015f   Thumb Code     0  startup_stm32f103xe.o(.text)
    TIM1_UP_IRQHandler                       0x0800015f   Thumb Code     0  startup_stm32f103xe.o(.text)
    TIM2_IRQHandler                          0x0800015f   Thumb Code     0  startup_stm32f103xe.o(.text)
    TIM4_IRQHandler                          0x0800015f   Thumb Code     0  startup_stm32f103xe.o(.text)
    TIM5_IRQHandler                          0x0800015f   Thumb Code     0  startup_stm32f103xe.o(.text)
    TIM6_IRQHandler                          0x0800015f   Thumb Code     0  startup_stm32f103xe.o(.text)
    TIM7_IRQHandler                          0x0800015f   Thumb Code     0  startup_stm32f103xe.o(.text)
    TIM8_BRK_IRQHandler                      0x0800015f   Thumb Code     0  startup_stm32f103xe.o(.text)
    TIM8_CC_IRQHandler                       0x0800015f   Thumb Code     0  startup_stm32f103xe.o(.text)
    TIM8_TRG_COM_IRQHandler                  0x0800015f   Thumb Code     0  startup_stm32f103xe.o(.text)
    TIM8_UP_IRQHandler                       0x0800015f   Thumb Code     0  startup_stm32f103xe.o(.text)
    UART4_IRQHandler                         0x0800015f   Thumb Code     0  startup_stm32f103xe.o(.text)
    UART5_IRQHandler                         0x0800015f   Thumb Code     0  startup_stm32f103xe.o(.text)
    USART2_IRQHandler                        0x0800015f   Thumb Code     0  startup_stm32f103xe.o(.text)
    USART3_IRQHandler                        0x0800015f   Thumb Code     0  startup_stm32f103xe.o(.text)
    USBWakeUp_IRQHandler                     0x0800015f   Thumb Code     0  startup_stm32f103xe.o(.text)
    USB_HP_CAN1_TX_IRQHandler                0x0800015f   Thumb Code     0  startup_stm32f103xe.o(.text)
    USB_LP_CAN1_RX0_IRQHandler               0x0800015f   Thumb Code     0  startup_stm32f103xe.o(.text)
    WWDG_IRQHandler                          0x0800015f   Thumb Code     0  startup_stm32f103xe.o(.text)
    __aeabi_ldivmod                          0x08000169   Thumb Code    98  ldiv.o(.text)
    __aeabi_llsr                             0x080001cb   Thumb Code    32  llushr.o(.text)
    _ll_ushift_r                             0x080001cb   Thumb Code     0  llushr.o(.text)
    __aeabi_memset                           0x080001eb   Thumb Code    14  memseta.o(.text)
    __aeabi_memset4                          0x080001eb   Thumb Code     0  memseta.o(.text)
    __aeabi_memset8                          0x080001eb   Thumb Code     0  memseta.o(.text)
    __aeabi_memclr                           0x080001f9   Thumb Code     4  memseta.o(.text)
    __aeabi_memclr4                          0x080001f9   Thumb Code     0  memseta.o(.text)
    __aeabi_memclr8                          0x080001f9   Thumb Code     0  memseta.o(.text)
    _memset$wrapper                          0x080001fd   Thumb Code    18  memseta.o(.text)
    memcmp                                   0x0800020f   Thumb Code    26  memcmp.o(.text)
    __aeabi_fadd                             0x08000229   Thumb Code   164  fadd.o(.text)
    __aeabi_fsub                             0x080002cd   Thumb Code     6  fadd.o(.text)
    __aeabi_frsub                            0x080002d3   Thumb Code     6  fadd.o(.text)
    __aeabi_fmul                             0x080002d9   Thumb Code   100  fmul.o(.text)
    __aeabi_fdiv                             0x0800033d   Thumb Code   124  fdiv.o(.text)
    __ARM_scalbnf                            0x080003b9   Thumb Code    24  fscalb.o(.text)
    scalbnf                                  0x080003b9   Thumb Code     0  fscalb.o(.text)
    __aeabi_dadd                             0x080003d1   Thumb Code   322  dadd.o(.text)
    __aeabi_dsub                             0x08000513   Thumb Code     6  dadd.o(.text)
    __aeabi_drsub                            0x08000519   Thumb Code     6  dadd.o(.text)
    __aeabi_dmul                             0x0800051f   Thumb Code   228  dmul.o(.text)
    __aeabi_i2f                              0x08000603   Thumb Code    18  fflti.o(.text)
    __aeabi_ui2f                             0x08000615   Thumb Code    10  ffltui.o(.text)
    __aeabi_f2iz                             0x0800061f   Thumb Code    50  ffixi.o(.text)
    __aeabi_f2uiz                            0x08000651   Thumb Code    40  ffixui.o(.text)
    __aeabi_f2d                              0x08000679   Thumb Code    38  f2d.o(.text)
    __aeabi_d2f                              0x0800069f   Thumb Code    56  d2f.o(.text)
    __aeabi_uidiv                            0x080006d7   Thumb Code     0  uidiv.o(.text)
    __aeabi_uidivmod                         0x080006d7   Thumb Code    44  uidiv.o(.text)
    __aeabi_uldivmod                         0x08000703   Thumb Code    98  uldiv.o(.text)
    __aeabi_llsl                             0x08000765   Thumb Code    30  llshl.o(.text)
    _ll_shift_l                              0x08000765   Thumb Code     0  llshl.o(.text)
    __aeabi_lasr                             0x08000783   Thumb Code    36  llsshr.o(.text)
    _ll_sshift_r                             0x08000783   Thumb Code     0  llsshr.o(.text)
    __I$use$fp                               0x080007a7   Thumb Code     0  iusefp.o(.text)
    _float_round                             0x080007a7   Thumb Code    18  fepilogue.o(.text)
    _float_epilogue                          0x080007b9   Thumb Code    92  fepilogue.o(.text)
    _double_round                            0x08000815   Thumb Code    30  depilogue.o(.text)
    _double_epilogue                         0x08000833   Thumb Code   156  depilogue.o(.text)
    __aeabi_ddiv                             0x080008cf   Thumb Code   222  ddiv.o(.text)
    __ARM_scalbn                             0x080009ad   Thumb Code    46  dscalb.o(.text)
    scalbn                                   0x080009ad   Thumb Code     0  dscalb.o(.text)
    __aeabi_d2ulz                            0x080009db   Thumb Code    48  dfixul.o(.text)
    __aeabi_cdrcmple                         0x08000a0d   Thumb Code    48  cdrcmple.o(.text)
    __scatterload                            0x08000a3d   Thumb Code    28  init.o(.text)
    __scatterload_rt2                        0x08000a3d   Thumb Code     0  init.o(.text)
    __I$use$semihosting$fputc                0x08000a61   Thumb Code     0  iusesemip.o(.text)
    __semihosting_library_function           0x08000a61   Thumb Code     0  semi.o(.text)
    _dsqrt                                   0x08000a61   Thumb Code   162  dsqrt.o(.text)
    ADC_ConversionStop_Disable               0x08000b05   Thumb Code    86  stm32f1xx_hal_adc.o(i.ADC_ConversionStop_Disable)
    ADC_Enable                               0x08000b5d   Thumb Code   114  stm32f1xx_hal_adc.o(i.ADC_Enable)
    BusFault_Handler                         0x08000bd9   Thumb Code     2  stm32f1xx_it.o(i.BusFault_Handler)
    Climb                                    0x08000bdd   Thumb Code    64  main.o(i.Climb)
    DMP_Init                                 0x08000c29   Thumb Code   144  mpu6050.o(i.DMP_Init)
    DebugMon_Handler                         0x08000cc5   Thumb Code     2  stm32f1xx_it.o(i.DebugMon_Handler)
    Error_Handler                            0x08000cc7   Thumb Code     4  main.o(i.Error_Handler)
    HAL_ADC_ConfigChannel                    0x08000ccd   Thumb Code   240  stm32f1xx_hal_adc.o(i.HAL_ADC_ConfigChannel)
    HAL_ADC_GetValue                         0x08000dc9   Thumb Code     6  stm32f1xx_hal_adc.o(i.HAL_ADC_GetValue)
    HAL_ADC_Init                             0x08000dd1   Thumb Code   276  stm32f1xx_hal_adc.o(i.HAL_ADC_Init)
    HAL_ADC_MspInit                          0x08000ef5   Thumb Code    76  adc.o(i.HAL_ADC_MspInit)
    HAL_ADC_PollForConversion                0x08000f4d   Thumb Code   304  stm32f1xx_hal_adc.o(i.HAL_ADC_PollForConversion)
    HAL_ADC_Start                            0x08001089   Thumb Code   184  stm32f1xx_hal_adc.o(i.HAL_ADC_Start)
    HAL_DMA_Abort                            0x08001149   Thumb Code    70  stm32f1xx_hal_dma.o(i.HAL_DMA_Abort)
    HAL_DMA_Abort_IT                         0x08001191   Thumb Code   296  stm32f1xx_hal_dma.o(i.HAL_DMA_Abort_IT)
    HAL_Delay                                0x080012c1   Thumb Code    32  stm32f1xx_hal.o(i.HAL_Delay)
    HAL_GPIO_Init                            0x080012e5   Thumb Code   462  stm32f1xx_hal_gpio.o(i.HAL_GPIO_Init)
    HAL_GPIO_WritePin                        0x080014dd   Thumb Code    10  stm32f1xx_hal_gpio.o(i.HAL_GPIO_WritePin)
    HAL_GetTick                              0x080014e9   Thumb Code     6  stm32f1xx_hal.o(i.HAL_GetTick)
    HAL_IncTick                              0x080014f5   Thumb Code    12  stm32f1xx_hal.o(i.HAL_IncTick)
    HAL_Init                                 0x08001505   Thumb Code    32  stm32f1xx_hal.o(i.HAL_Init)
    HAL_InitTick                             0x08001529   Thumb Code    54  stm32f1xx_hal.o(i.HAL_InitTick)
    HAL_MspInit                              0x08001569   Thumb Code    52  stm32f1xx_hal_msp.o(i.HAL_MspInit)
    HAL_NVIC_EnableIRQ                       0x080015a5   Thumb Code    26  stm32f1xx_hal_cortex.o(i.HAL_NVIC_EnableIRQ)
    HAL_NVIC_SetPriority                     0x080015c1   Thumb Code    60  stm32f1xx_hal_cortex.o(i.HAL_NVIC_SetPriority)
    HAL_NVIC_SetPriorityGrouping             0x08001601   Thumb Code    26  stm32f1xx_hal_cortex.o(i.HAL_NVIC_SetPriorityGrouping)
    HAL_RCCEx_GetPeriphCLKFreq               0x08001625   Thumb Code   166  stm32f1xx_hal_rcc_ex.o(i.HAL_RCCEx_GetPeriphCLKFreq)
    HAL_RCCEx_PeriphCLKConfig                0x080016dd   Thumb Code   224  stm32f1xx_hal_rcc_ex.o(i.HAL_RCCEx_PeriphCLKConfig)
    HAL_RCC_ClockConfig                      0x080017c9   Thumb Code   280  stm32f1xx_hal_rcc.o(i.HAL_RCC_ClockConfig)
    HAL_RCC_GetPCLK1Freq                     0x080018f5   Thumb Code    20  stm32f1xx_hal_rcc.o(i.HAL_RCC_GetPCLK1Freq)
    HAL_RCC_GetPCLK2Freq                     0x08001915   Thumb Code    20  stm32f1xx_hal_rcc.o(i.HAL_RCC_GetPCLK2Freq)
    HAL_RCC_GetSysClockFreq                  0x08001935   Thumb Code    58  stm32f1xx_hal_rcc.o(i.HAL_RCC_GetSysClockFreq)
    HAL_RCC_OscConfig                        0x08001981   Thumb Code   778  stm32f1xx_hal_rcc.o(i.HAL_RCC_OscConfig)
    HAL_SYSTICK_Config                       0x08001ca1   Thumb Code    40  stm32f1xx_hal_cortex.o(i.HAL_SYSTICK_Config)
    HAL_TIMEx_BreakCallback                  0x08001cc9   Thumb Code     2  stm32f1xx_hal_tim_ex.o(i.HAL_TIMEx_BreakCallback)
    HAL_TIMEx_CommutCallback                 0x08001ccb   Thumb Code     2  stm32f1xx_hal_tim_ex.o(i.HAL_TIMEx_CommutCallback)
    HAL_TIMEx_MasterConfigSynchronization    0x08001ccd   Thumb Code   104  stm32f1xx_hal_tim_ex.o(i.HAL_TIMEx_MasterConfigSynchronization)
    HAL_TIM_Base_Init                        0x08001d49   Thumb Code    90  stm32f1xx_hal_tim.o(i.HAL_TIM_Base_Init)
    HAL_TIM_Base_MspInit                     0x08001da5   Thumb Code    50  tim.o(i.HAL_TIM_Base_MspInit)
    HAL_TIM_Base_Start_IT                    0x08001de1   Thumb Code    88  stm32f1xx_hal_tim.o(i.HAL_TIM_Base_Start_IT)
    HAL_TIM_ConfigClockSource                0x08001e4d   Thumb Code   220  stm32f1xx_hal_tim.o(i.HAL_TIM_ConfigClockSource)
    HAL_TIM_Encoder_Init                     0x08001f29   Thumb Code   164  stm32f1xx_hal_tim.o(i.HAL_TIM_Encoder_Init)
    HAL_TIM_Encoder_MspInit                  0x08001fcd   Thumb Code   124  tim.o(i.HAL_TIM_Encoder_MspInit)
    HAL_TIM_Encoder_Start                    0x0800205d   Thumb Code   142  stm32f1xx_hal_tim.o(i.HAL_TIM_Encoder_Start)
    HAL_TIM_IC_CaptureCallback               0x080020eb   Thumb Code     2  stm32f1xx_hal_tim.o(i.HAL_TIM_IC_CaptureCallback)
    HAL_TIM_IRQHandler                       0x080020ed   Thumb Code   358  stm32f1xx_hal_tim.o(i.HAL_TIM_IRQHandler)
    HAL_TIM_MspPostInit                      0x08002255   Thumb Code    94  tim.o(i.HAL_TIM_MspPostInit)
    HAL_TIM_OC_DelayElapsedCallback          0x080022c5   Thumb Code     2  stm32f1xx_hal_tim.o(i.HAL_TIM_OC_DelayElapsedCallback)
    HAL_TIM_PWM_ConfigChannel                0x080022c7   Thumb Code   204  stm32f1xx_hal_tim.o(i.HAL_TIM_PWM_ConfigChannel)
    HAL_TIM_PWM_Init                         0x08002393   Thumb Code    90  stm32f1xx_hal_tim.o(i.HAL_TIM_PWM_Init)
    HAL_TIM_PWM_MspInit                      0x080023ed   Thumb Code     2  stm32f1xx_hal_tim.o(i.HAL_TIM_PWM_MspInit)
    HAL_TIM_PWM_PulseFinishedCallback        0x080023ef   Thumb Code     2  stm32f1xx_hal_tim.o(i.HAL_TIM_PWM_PulseFinishedCallback)
    HAL_TIM_PWM_Start                        0x080023f1   Thumb Code   160  stm32f1xx_hal_tim.o(i.HAL_TIM_PWM_Start)
    HAL_TIM_PeriodElapsedCallback            0x080024a5   Thumb Code   218  main.o(i.HAL_TIM_PeriodElapsedCallback)
    HAL_TIM_TriggerCallback                  0x080025b9   Thumb Code     2  stm32f1xx_hal_tim.o(i.HAL_TIM_TriggerCallback)
    HAL_UARTEx_RxEventCallback               0x080025bb   Thumb Code     2  stm32f1xx_hal_uart.o(i.HAL_UARTEx_RxEventCallback)
    HAL_UART_ErrorCallback                   0x080025bd   Thumb Code     2  stm32f1xx_hal_uart.o(i.HAL_UART_ErrorCallback)
    HAL_UART_IRQHandler                      0x080025c1   Thumb Code   616  stm32f1xx_hal_uart.o(i.HAL_UART_IRQHandler)
    HAL_UART_Init                            0x0800282d   Thumb Code   100  stm32f1xx_hal_uart.o(i.HAL_UART_Init)
    HAL_UART_MspInit                         0x08002891   Thumb Code   116  usart.o(i.HAL_UART_MspInit)
    HAL_UART_Receive                         0x08002911   Thumb Code   172  stm32f1xx_hal_uart.o(i.HAL_UART_Receive)
    HAL_UART_RxCpltCallback                  0x080029bd   Thumb Code     2  stm32f1xx_hal_uart.o(i.HAL_UART_RxCpltCallback)
    HAL_UART_TxCpltCallback                  0x080029bf   Thumb Code     2  stm32f1xx_hal_uart.o(i.HAL_UART_TxCpltCallback)
    HardFault_Handler                        0x080029c1   Thumb Code     2  stm32f1xx_it.o(i.HardFault_Handler)
    I2C_ReadOneByte                          0x080029c3   Thumb Code    62  ioi2c.o(i.I2C_ReadOneByte)
    IIC_Ack                                  0x08002a01   Thumb Code    54  ioi2c.o(i.IIC_Ack)
    IIC_NAck                                 0x08002a41   Thumb Code    56  ioi2c.o(i.IIC_NAck)
    IIC_Read_Byte                            0x08002a81   Thumb Code   100  ioi2c.o(i.IIC_Read_Byte)
    IIC_Send_Byte                            0x08002aed   Thumb Code    86  ioi2c.o(i.IIC_Send_Byte)
    IIC_Start                                0x08002b4d   Thumb Code    72  ioi2c.o(i.IIC_Start)
    IIC_Stop                                 0x08002b9d   Thumb Code    56  ioi2c.o(i.IIC_Stop)
    IIC_Wait_Ack                             0x08002bdd   Thumb Code    80  ioi2c.o(i.IIC_Wait_Ack)
    IICreadByte                              0x08002c35   Thumb Code    14  ioi2c.o(i.IICreadByte)
    IICwriteBit                              0x08002c43   Thumb Code    50  ioi2c.o(i.IICwriteBit)
    IICwriteBits                             0x08002c75   Thumb Code    84  ioi2c.o(i.IICwriteBits)
    IICwriteByte                             0x08002cc9   Thumb Code    12  ioi2c.o(i.IICwriteByte)
    IICwriteBytes                            0x08002cd5   Thumb Code    68  ioi2c.o(i.IICwriteBytes)
    MPU6050_initialize                       0x08002d19   Thumb Code    42  mpu6050.o(i.MPU6050_initialize)
    MPU6050_setClockSource                   0x08002d43   Thumb Code    18  mpu6050.o(i.MPU6050_setClockSource)
    MPU6050_setFullScaleAccelRange           0x08002d55   Thumb Code    18  mpu6050.o(i.MPU6050_setFullScaleAccelRange)
    MPU6050_setFullScaleGyroRange            0x08002d67   Thumb Code    18  mpu6050.o(i.MPU6050_setFullScaleGyroRange)
    MPU6050_setI2CBypassEnabled              0x08002d79   Thumb Code    12  mpu6050.o(i.MPU6050_setI2CBypassEnabled)
    MPU6050_setI2CMasterModeEnabled          0x08002d85   Thumb Code    12  mpu6050.o(i.MPU6050_setI2CMasterModeEnabled)
    MPU6050_setSleepEnabled                  0x08002d91   Thumb Code    12  mpu6050.o(i.MPU6050_setSleepEnabled)
    MX_ADC2_Init                             0x08002d9d   Thumb Code    72  adc.o(i.MX_ADC2_Init)
    MX_GPIO_Init                             0x08002ded   Thumb Code   200  gpio.o(i.MX_GPIO_Init)
    MX_TIM3_Init                             0x08002ec5   Thumb Code   194  tim.o(i.MX_TIM3_Init)
    MX_TIM4_Init                             0x08002f91   Thumb Code   102  tim.o(i.MX_TIM4_Init)
    MX_TIM8_Init                             0x08003001   Thumb Code   104  tim.o(i.MX_TIM8_Init)
    MX_USART1_UART_Init                      0x08003071   Thumb Code    48  usart.o(i.MX_USART1_UART_Init)
    MemManage_Handler                        0x080030a9   Thumb Code     2  stm32f1xx_it.o(i.MemManage_Handler)
    MotorPidSetSpeed                         0x080030ad   Thumb Code    46  main.o(i.MotorPidSetSpeed)
    Motor_Control                            0x080030e9   Thumb Code    34  main.o(i.Motor_Control)
    Motor_Left                               0x0800310d   Thumb Code    32  main.o(i.Motor_Left)
    Motor_Right                              0x08003131   Thumb Code    34  main.o(i.Motor_Right)
    NMI_Handler                              0x08003159   Thumb Code     2  stm32f1xx_it.o(i.NMI_Handler)
    OLED_Clear                               0x0800315d   Thumb Code    40  bsp_oled.o(i.OLED_Clear)
    OLED_DrawPoint                           0x08003189   Thumb Code    54  bsp_oled.o(i.OLED_DrawPoint)
    OLED_Init                                0x080031c5   Thumb Code   232  bsp_oled.o(i.OLED_Init)
    OLED_Refresh_Gram                        0x080032b1   Thumb Code    70  bsp_oled.o(i.OLED_Refresh_Gram)
    OLED_Show                                0x080032fd   Thumb Code   240  main.o(i.OLED_Show)
    OLED_ShowChar                            0x08003465   Thumb Code   134  bsp_oled.o(i.OLED_ShowChar)
    OLED_ShowString                          0x080034f5   Thumb Code    62  bsp_oled.o(i.OLED_ShowString)
    OLED_WR_Byte                             0x08003535   Thumb Code    64  bsp_oled.o(i.OLED_WR_Byte)
    PID_Anglerealize                         0x0800357d   Thumb Code   114  pid.o(i.PID_Anglerealize)
    PID_init                                 0x080035fd   Thumb Code   142  pid.o(i.PID_init)
    PID_realize                              0x080036b5   Thumb Code   112  pid.o(i.PID_realize)
    PendSV_Handler                           0x0800372d   Thumb Code     2  stm32f1xx_it.o(i.PendSV_Handler)
    Read_DMP                                 0x08003731   Thumb Code   458  mpu6050.o(i.Read_DMP)
    SVC_Handler                              0x08003911   Thumb Code     2  stm32f1xx_it.o(i.SVC_Handler)
    SysTick_Delay_Ms                         0x08003941   Thumb Code    50  bsp_systick.o(i.SysTick_Delay_Ms)
    SysTick_Delay_Us                         0x08003979   Thumb Code    48  bsp_systick.o(i.SysTick_Delay_Us)
    SysTick_Handler                          0x080039b1   Thumb Code     4  stm32f1xx_it.o(i.SysTick_Handler)
    SystemClock_Config                       0x080039b5   Thumb Code   122  main.o(i.SystemClock_Config)
    SystemInit                               0x08003a2f   Thumb Code     2  system_stm32f1xx.o(i.SystemInit)
    TIM3_IRQHandler                          0x08003a31   Thumb Code     6  stm32f1xx_it.o(i.TIM3_IRQHandler)
    TIM_Base_SetConfig                       0x08003a3d   Thumb Code   120  stm32f1xx_hal_tim.o(i.TIM_Base_SetConfig)
    TIM_CCxChannelCmd                        0x08003ac9   Thumb Code    26  stm32f1xx_hal_tim.o(i.TIM_CCxChannelCmd)
    TIM_ETR_SetConfig                        0x08003ae3   Thumb Code    20  stm32f1xx_hal_tim.o(i.TIM_ETR_SetConfig)
    TIM_OC2_SetConfig                        0x08003b69   Thumb Code    98  stm32f1xx_hal_tim.o(i.TIM_OC2_SetConfig)
    USART1_IRQHandler                        0x08003f25   Thumb Code    56  stm32f1xx_it.o(i.USART1_IRQHandler)
    UsageFault_Handler                       0x08003f69   Thumb Code     2  stm32f1xx_it.o(i.UsageFault_Handler)
    XianFu_PWM                               0x08003f6b   Thumb Code    18  main.o(i.XianFu_PWM)
    __0printf                                0x08003f7d   Thumb Code    22  printfa.o(i.__0printf)
    __1printf                                0x08003f7d   Thumb Code     0  printfa.o(i.__0printf)
    __2printf                                0x08003f7d   Thumb Code     0  printfa.o(i.__0printf)
    __c89printf                              0x08003f7d   Thumb Code     0  printfa.o(i.__0printf)
    printf                                   0x08003f7d   Thumb Code     0  printfa.o(i.__0printf)
    __0sprintf                               0x08003f9d   Thumb Code    34  printfa.o(i.__0sprintf)
    __1sprintf                               0x08003f9d   Thumb Code     0  printfa.o(i.__0sprintf)
    __2sprintf                               0x08003f9d   Thumb Code     0  printfa.o(i.__0sprintf)
    __c89sprintf                             0x08003f9d   Thumb Code     0  printfa.o(i.__0sprintf)
    sprintf                                  0x08003f9d   Thumb Code     0  printfa.o(i.__0sprintf)
    __ARM_fpclassify                         0x08003fc5   Thumb Code    40  fpclassify.o(i.__ARM_fpclassify)
    __kernel_poly                            0x0800400d   Thumb Code   170  poly.o(i.__kernel_poly)
    __mathlib_dbl_infnan                     0x080040b7   Thumb Code     6  dunder.o(i.__mathlib_dbl_infnan)
    __mathlib_dbl_infnan2                    0x080040bd   Thumb Code     4  dunder.o(i.__mathlib_dbl_infnan2)
    __mathlib_dbl_invalid                    0x080040c1   Thumb Code    12  dunder.o(i.__mathlib_dbl_invalid)
    __mathlib_dbl_underflow                  0x080040cd   Thumb Code    10  dunder.o(i.__mathlib_dbl_underflow)
    __scatterload_copy                       0x080040dd   Thumb Code    14  handlers.o(i.__scatterload_copy)
    __scatterload_null                       0x080040eb   Thumb Code     2  handlers.o(i.__scatterload_null)
    __scatterload_zeroinit                   0x080040ed   Thumb Code    14  handlers.o(i.__scatterload_zeroinit)
    __set_errno                              0x080040fd   Thumb Code     6  errno.o(i.__set_errno)
    adcGetBatteryVoltage                     0x08004a25   Thumb Code    60  adc.o(i.adcGetBatteryVoltage)
    asin                                     0x08004a75   Thumb Code   572  asin.o(i.asin)
    atan                                     0x08004ce5   Thumb Code   474  atan.o(i.atan)
    atan2                                    0x08004f05   Thumb Code   346  atan2.o(i.atan2)
    dmp_enable_6x_lp_quat                    0x08005085   Thumb Code    58  inv_mpu_dmp_motion_driver.o(i.dmp_enable_6x_lp_quat)
    dmp_enable_feature                       0x080050c1   Thumb Code   464  inv_mpu_dmp_motion_driver.o(i.dmp_enable_feature)
    dmp_enable_gyro_cal                      0x08005299   Thumb Code    34  inv_mpu_dmp_motion_driver.o(i.dmp_enable_gyro_cal)
    dmp_enable_lp_quat                       0x080052d5   Thumb Code    58  inv_mpu_dmp_motion_driver.o(i.dmp_enable_lp_quat)
    dmp_load_motion_driver_firmware          0x08005311   Thumb Code    16  inv_mpu_dmp_motion_driver.o(i.dmp_load_motion_driver_firmware)
    dmp_read_fifo                            0x08005325   Thumb Code   320  inv_mpu_dmp_motion_driver.o(i.dmp_read_fifo)
    dmp_set_accel_bias                       0x08005469   Thumb Code   210  inv_mpu_dmp_motion_driver.o(i.dmp_set_accel_bias)
    dmp_set_fifo_rate                        0x08005541   Thumb Code    82  inv_mpu_dmp_motion_driver.o(i.dmp_set_fifo_rate)
    dmp_set_gyro_bias                        0x080055a5   Thumb Code   196  inv_mpu_dmp_motion_driver.o(i.dmp_set_gyro_bias)
    dmp_set_orientation                      0x08005671   Thumb Code   246  inv_mpu_dmp_motion_driver.o(i.dmp_set_orientation)
    dmp_set_shake_reject_thresh              0x0800577d   Thumb Code    48  inv_mpu_dmp_motion_driver.o(i.dmp_set_shake_reject_thresh)
    dmp_set_shake_reject_time                0x080057ad   Thumb Code    32  inv_mpu_dmp_motion_driver.o(i.dmp_set_shake_reject_time)
    dmp_set_shake_reject_timeout             0x080057cd   Thumb Code    32  inv_mpu_dmp_motion_driver.o(i.dmp_set_shake_reject_timeout)
    dmp_set_tap_axes                         0x080057ed   Thumb Code    64  inv_mpu_dmp_motion_driver.o(i.dmp_set_tap_axes)
    dmp_set_tap_count                        0x0800582d   Thumb Code    34  inv_mpu_dmp_motion_driver.o(i.dmp_set_tap_count)
    dmp_set_tap_thresh                       0x08005851   Thumb Code   274  inv_mpu_dmp_motion_driver.o(i.dmp_set_tap_thresh)
    dmp_set_tap_time                         0x08005979   Thumb Code    32  inv_mpu_dmp_motion_driver.o(i.dmp_set_tap_time)
    dmp_set_tap_time_multi                   0x08005999   Thumb Code    32  inv_mpu_dmp_motion_driver.o(i.dmp_set_tap_time_multi)
    fputc                                    0x080059b9   Thumb Code    18  fputc.o(i.fputc)
    i2cRead                                  0x08005e61   Thumb Code   112  ioi2c.o(i.i2cRead)
    i2cWrite                                 0x08005ed1   Thumb Code    84  ioi2c.o(i.i2cWrite)
    main                                     0x08005f6d   Thumb Code   180  main.o(i.main)
    mpu_configure_fifo                       0x08006039   Thumb Code    78  inv_mpu.o(i.mpu_configure_fifo)
    mpu_get_accel_fsr                        0x0800608d   Thumb Code    54  inv_mpu.o(i.mpu_get_accel_fsr)
    mpu_get_accel_sens                       0x080060c9   Thumb Code    62  inv_mpu.o(i.mpu_get_accel_sens)
    mpu_get_gyro_fsr                         0x0800610d   Thumb Code    48  inv_mpu.o(i.mpu_get_gyro_fsr)
    mpu_get_gyro_sens                        0x08006141   Thumb Code    44  inv_mpu.o(i.mpu_get_gyro_sens)
    mpu_get_lpf                              0x08006181   Thumb Code    52  inv_mpu.o(i.mpu_get_lpf)
    mpu_get_sample_rate                      0x080061b9   Thumb Code    22  inv_mpu.o(i.mpu_get_sample_rate)
    mpu_init                                 0x080061d5   Thumb Code   310  inv_mpu.o(i.mpu_init)
    mpu_load_firmware                        0x0800635d   Thumb Code   154  inv_mpu.o(i.mpu_load_firmware)
    mpu_lp_accel_mode                        0x080063fd   Thumb Code   178  inv_mpu.o(i.mpu_lp_accel_mode)
    mpu_read_fifo_stream                     0x080064b5   Thumb Code   140  inv_mpu.o(i.mpu_read_fifo_stream)
    mpu_read_mem                             0x08006545   Thumb Code    80  inv_mpu.o(i.mpu_read_mem)
    mpu_reset_fifo                           0x08006599   Thumb Code   330  inv_mpu.o(i.mpu_reset_fifo)
    mpu_run_self_test                        0x080066e9   Thumb Code   234  inv_mpu.o(i.mpu_run_self_test)
    mpu_set_accel_fsr                        0x080067d9   Thumb Code    98  inv_mpu.o(i.mpu_set_accel_fsr)
    mpu_set_bypass                           0x08006841   Thumb Code   214  inv_mpu.o(i.mpu_set_bypass)
    mpu_set_dmp_state                        0x0800691d   Thumb Code   114  inv_mpu.o(i.mpu_set_dmp_state)
    mpu_set_gyro_fsr                         0x08006995   Thumb Code   104  inv_mpu.o(i.mpu_set_gyro_fsr)
    mpu_set_int_latched                      0x08006a01   Thumb Code    94  inv_mpu.o(i.mpu_set_int_latched)
    mpu_set_lpf                              0x08006a65   Thumb Code   102  inv_mpu.o(i.mpu_set_lpf)
    mpu_set_sample_rate                      0x08006ad1   Thumb Code   124  inv_mpu.o(i.mpu_set_sample_rate)
    mpu_set_sensors                          0x08006b51   Thumb Code   178  inv_mpu.o(i.mpu_set_sensors)
    mpu_write_mem                            0x08006c09   Thumb Code    80  inv_mpu.o(i.mpu_write_mem)
    myget_ms                                 0x08006c5d   Thumb Code     2  inv_mpu.o(i.myget_ms)
    sqrt                                     0x08006d31   Thumb Code    76  sqrt.o(i.sqrt)
    hw                                       0x080077e0   Data          12  inv_mpu.o(.constdata)
    reg                                      0x080077ec   Data          27  inv_mpu.o(.constdata)
    test                                     0x08007808   Data          40  inv_mpu.o(.constdata)
    AHBPrescTable                            0x0800844a   Data          16  system_stm32f1xx.o(.constdata)
    APBPrescTable                            0x0800845a   Data           8  system_stm32f1xx.o(.constdata)
    __mathlib_zero                           0x08008550   Data           8  qnan.o(.constdata)
    Region$$Table$$Base                      0x080085a8   Number         0  anon$$obj.o(Region$$Table)
    Region$$Table$$Limit                     0x080085c8   Number         0  anon$$obj.o(Region$$Table)
    Encoder1Count                            0x20000000   Data           2  main.o(.data)
    Encoder2Count                            0x20000002   Data           2  main.o(.data)
    Timer1Count                              0x20000004   Data           2  main.o(.data)
    Motor1Speed                              0x20000008   Data           4  main.o(.data)
    Motor2Speed                              0x2000000c   Data           4  main.o(.data)
    Mileage                                  0x20000010   Data           4  main.o(.data)
    g_fMPU6050YawMovePidOut                  0x20000014   Data           4  main.o(.data)
    g_fMPU6050YawMovePidOut1                 0x20000018   Data           4  main.o(.data)
    g_fMPU6050YawMovePidOut2                 0x2000001c   Data           4  main.o(.data)
    g_fMPU6050PitchMovePidOut                0x20000020   Data           4  main.o(.data)
    g_fMPU6050PitchMovePidOut1               0x20000024   Data           4  main.o(.data)
    g_fMPU6050PitchMovePidOut2               0x20000028   Data           4  main.o(.data)
    usart1_ReadBufCount                      0x20000034   Data           1  stm32f1xx_it.o(.data)
    sensors                                  0x20000064   Data           2  mpu6050.o(.data)
    q0                                       0x20000068   Data           4  mpu6050.o(.data)
    q1                                       0x2000006c   Data           4  mpu6050.o(.data)
    q2                                       0x20000070   Data           4  mpu6050.o(.data)
    q3                                       0x20000074   Data           4  mpu6050.o(.data)
    Roll                                     0x20000078   Data           4  mpu6050.o(.data)
    Pitch                                    0x2000007c   Data           4  mpu6050.o(.data)
    Yaw                                      0x20000080   Data           4  mpu6050.o(.data)
    gyro                                     0x20000084   Data           6  mpu6050.o(.data)
    accel                                    0x2000008a   Data           6  mpu6050.o(.data)
    uwTickFreq                               0x2000009c   Data           1  stm32f1xx_hal.o(.data)
    uwTickPrio                               0x200000a0   Data           4  stm32f1xx_hal.o(.data)
    uwTick                                   0x200000a4   Data           4  stm32f1xx_hal.o(.data)
    SystemCoreClock                          0x200000a8   Data           4  system_stm32f1xx.o(.data)
    __stdout                                 0x200000ac   Data           4  stdout.o(.data)
    OledString                               0x200000b4   Data          30  main.o(.bss)
    hadc2                                    0x200000d4   Data          48  adc.o(.bss)
    htim3                                    0x20000104   Data          72  tim.o(.bss)
    htim4                                    0x2000014c   Data          72  tim.o(.bss)
    htim8                                    0x20000194   Data          72  tim.o(.bss)
    huart1                                   0x200001dc   Data          72  usart.o(.bss)
    usart1_ReadBuf                           0x20000224   Data         256  stm32f1xx_it.o(.bss)
    OLED_GRAM                                0x20000324   Data        1024  bsp_oled.o(.bss)
    pidMotor1Speed                           0x20000724   Data          36  pid.o(.bss)
    pidMotor2Speed                           0x20000748   Data          36  pid.o(.bss)
    pidMPU6050YawMovement                    0x2000076c   Data          36  pid.o(.bss)
    pidMPU6050PitchMovement                  0x20000790   Data          36  pid.o(.bss)
    wheel1                                   0x200007b4   Data          32  pid.o(.bss)
    wheel2                                   0x200007d4   Data          32  pid.o(.bss)
    __initial_sp                             0x20001008   Data           0  startup_stm32f103xe.o(STACK)



==============================================================================

Memory Map of the image

  Image Entry point : 0x08000131

  Load Region LR_IROM1 (Base: 0x08000000, Size: 0x0000867c, Max: 0x00040000, ABSOLUTE)

    Execution Region ER_IROM1 (Base: 0x08000000, Size: 0x000085c8, Max: 0x00040000, ABSOLUTE)

    Base Addr    Size         Type   Attr      Idx    E Section Name        Object

    0x08000000   0x00000130   Data   RO            3    RESET               startup_stm32f103xe.o
    0x08000130   0x00000000   Code   RO         4174  * .ARM.Collect$$$$00000000  mc_w.l(entry.o)
    0x08000130   0x00000004   Code   RO         4507    .ARM.Collect$$$$00000001  mc_w.l(entry2.o)
    0x08000134   0x00000004   Code   RO         4510    .ARM.Collect$$$$00000004  mc_w.l(entry5.o)
    0x08000138   0x00000000   Code   RO         4512    .ARM.Collect$$$$00000008  mc_w.l(entry7b.o)
    0x08000138   0x00000000   Code   RO         4514    .ARM.Collect$$$$0000000A  mc_w.l(entry8b.o)
    0x08000138   0x00000008   Code   RO         4515    .ARM.Collect$$$$0000000B  mc_w.l(entry9a.o)
    0x08000140   0x00000000   Code   RO         4517    .ARM.Collect$$$$0000000D  mc_w.l(entry10a.o)
    0x08000140   0x00000000   Code   RO         4519    .ARM.Collect$$$$0000000F  mc_w.l(entry11a.o)
    0x08000140   0x00000004   Code   RO         4508    .ARM.Collect$$$$00002712  mc_w.l(entry2.o)
    0x08000144   0x00000024   Code   RO            4    .text               startup_stm32f103xe.o
    0x08000168   0x00000062   Code   RO         4177    .text               mc_w.l(ldiv.o)
    0x080001ca   0x00000020   Code   RO         4179    .text               mc_w.l(llushr.o)
    0x080001ea   0x00000024   Code   RO         4181    .text               mc_w.l(memseta.o)
    0x0800020e   0x0000001a   Code   RO         4183    .text               mc_w.l(memcmp.o)
    0x08000228   0x000000b0   Code   RO         4446    .text               mf_w.l(fadd.o)
    0x080002d8   0x00000064   Code   RO         4448    .text               mf_w.l(fmul.o)
    0x0800033c   0x0000007c   Code   RO         4450    .text               mf_w.l(fdiv.o)
    0x080003b8   0x00000018   Code   RO         4452    .text               mf_w.l(fscalb.o)
    0x080003d0   0x0000014e   Code   RO         4454    .text               mf_w.l(dadd.o)
    0x0800051e   0x000000e4   Code   RO         4456    .text               mf_w.l(dmul.o)
    0x08000602   0x00000012   Code   RO         4458    .text               mf_w.l(fflti.o)
    0x08000614   0x0000000a   Code   RO         4460    .text               mf_w.l(ffltui.o)
    0x0800061e   0x00000032   Code   RO         4462    .text               mf_w.l(ffixi.o)
    0x08000650   0x00000028   Code   RO         4464    .text               mf_w.l(ffixui.o)
    0x08000678   0x00000026   Code   RO         4466    .text               mf_w.l(f2d.o)
    0x0800069e   0x00000038   Code   RO         4468    .text               mf_w.l(d2f.o)
    0x080006d6   0x0000002c   Code   RO         4524    .text               mc_w.l(uidiv.o)
    0x08000702   0x00000062   Code   RO         4526    .text               mc_w.l(uldiv.o)
    0x08000764   0x0000001e   Code   RO         4528    .text               mc_w.l(llshl.o)
    0x08000782   0x00000024   Code   RO         4530    .text               mc_w.l(llsshr.o)
    0x080007a6   0x00000000   Code   RO         4539    .text               mc_w.l(iusefp.o)
    0x080007a6   0x0000006e   Code   RO         4540    .text               mf_w.l(fepilogue.o)
    0x08000814   0x000000ba   Code   RO         4542    .text               mf_w.l(depilogue.o)
    0x080008ce   0x000000de   Code   RO         4544    .text               mf_w.l(ddiv.o)
    0x080009ac   0x0000002e   Code   RO         4546    .text               mf_w.l(dscalb.o)
    0x080009da   0x00000030   Code   RO         4548    .text               mf_w.l(dfixul.o)
    0x08000a0a   0x00000002   PAD
    0x08000a0c   0x00000030   Code   RO         4550    .text               mf_w.l(cdrcmple.o)
    0x08000a3c   0x00000024   Code   RO         4552    .text               mc_w.l(init.o)
    0x08000a60   0x00000000   Code   RO         4554    .text               mc_w.l(semi.o)
    0x08000a60   0x00000000   Code   RO         4555    .text               mc_w.l(iusesemip.o)
    0x08000a60   0x000000a2   Code   RO         4556    .text               mf_w.l(dsqrt.o)
    0x08000b02   0x00000002   PAD
    0x08000b04   0x00000056   Code   RO         1532    i.ADC_ConversionStop_Disable  stm32f1xx_hal_adc.o
    0x08000b5a   0x00000002   PAD
    0x08000b5c   0x0000007c   Code   RO         1536    i.ADC_Enable        stm32f1xx_hal_adc.o
    0x08000bd8   0x00000002   Code   RO          447    i.BusFault_Handler  stm32f1xx_it.o
    0x08000bda   0x00000002   PAD
    0x08000bdc   0x0000004c   Code   RO           13    i.Climb             main.o
    0x08000c28   0x0000009c   Code   RO         1378    i.DMP_Init          mpu6050.o
    0x08000cc4   0x00000002   Code   RO          448    i.DebugMon_Handler  stm32f1xx_it.o
    0x08000cc6   0x00000004   Code   RO           14    i.Error_Handler     main.o
    0x08000cca   0x00000002   PAD
    0x08000ccc   0x000000fc   Code   RO         1538    i.HAL_ADC_ConfigChannel  stm32f1xx_hal_adc.o
    0x08000dc8   0x00000006   Code   RO         1545    i.HAL_ADC_GetValue  stm32f1xx_hal_adc.o
    0x08000dce   0x00000002   PAD
    0x08000dd0   0x00000124   Code   RO         1547    i.HAL_ADC_Init      stm32f1xx_hal_adc.o
    0x08000ef4   0x00000058   Code   RO          286    i.HAL_ADC_MspInit   adc.o
    0x08000f4c   0x0000013c   Code   RO         1551    i.HAL_ADC_PollForConversion  stm32f1xx_hal_adc.o
    0x08001088   0x000000c0   Code   RO         1553    i.HAL_ADC_Start     stm32f1xx_hal_adc.o
    0x08001148   0x00000046   Code   RO         2189    i.HAL_DMA_Abort     stm32f1xx_hal_dma.o
    0x0800118e   0x00000002   PAD
    0x08001190   0x00000130   Code   RO         2190    i.HAL_DMA_Abort_IT  stm32f1xx_hal_dma.o
    0x080012c0   0x00000024   Code   RO         1815    i.HAL_Delay         stm32f1xx_hal.o
    0x080012e4   0x000001f8   Code   RO         2125    i.HAL_GPIO_Init     stm32f1xx_hal_gpio.o
    0x080014dc   0x0000000a   Code   RO         2129    i.HAL_GPIO_WritePin  stm32f1xx_hal_gpio.o
    0x080014e6   0x00000002   PAD
    0x080014e8   0x0000000c   Code   RO         1819    i.HAL_GetTick       stm32f1xx_hal.o
    0x080014f4   0x00000010   Code   RO         1825    i.HAL_IncTick       stm32f1xx_hal.o
    0x08001504   0x00000024   Code   RO         1826    i.HAL_Init          stm32f1xx_hal.o
    0x08001528   0x00000040   Code   RO         1827    i.HAL_InitTick      stm32f1xx_hal.o
    0x08001568   0x0000003c   Code   RO          539    i.HAL_MspInit       stm32f1xx_hal_msp.o
    0x080015a4   0x0000001a   Code   RO         2285    i.HAL_NVIC_EnableIRQ  stm32f1xx_hal_cortex.o
    0x080015be   0x00000002   PAD
    0x080015c0   0x00000040   Code   RO         2291    i.HAL_NVIC_SetPriority  stm32f1xx_hal_cortex.o
    0x08001600   0x00000024   Code   RO         2292    i.HAL_NVIC_SetPriorityGrouping  stm32f1xx_hal_cortex.o
    0x08001624   0x000000b8   Code   RO         2086    i.HAL_RCCEx_GetPeriphCLKFreq  stm32f1xx_hal_rcc_ex.o
    0x080016dc   0x000000ec   Code   RO         2087    i.HAL_RCCEx_PeriphCLKConfig  stm32f1xx_hal_rcc_ex.o
    0x080017c8   0x0000012c   Code   RO         1983    i.HAL_RCC_ClockConfig  stm32f1xx_hal_rcc.o
    0x080018f4   0x00000020   Code   RO         1990    i.HAL_RCC_GetPCLK1Freq  stm32f1xx_hal_rcc.o
    0x08001914   0x00000020   Code   RO         1991    i.HAL_RCC_GetPCLK2Freq  stm32f1xx_hal_rcc.o
    0x08001934   0x0000004c   Code   RO         1992    i.HAL_RCC_GetSysClockFreq  stm32f1xx_hal_rcc.o
    0x08001980   0x00000320   Code   RO         1995    i.HAL_RCC_OscConfig  stm32f1xx_hal_rcc.o
    0x08001ca0   0x00000028   Code   RO         2296    i.HAL_SYSTICK_Config  stm32f1xx_hal_cortex.o
    0x08001cc8   0x00000002   Code   RO         3491    i.HAL_TIMEx_BreakCallback  stm32f1xx_hal_tim_ex.o
    0x08001cca   0x00000002   Code   RO         3492    i.HAL_TIMEx_CommutCallback  stm32f1xx_hal_tim_ex.o
    0x08001ccc   0x0000007c   Code   RO         3510    i.HAL_TIMEx_MasterConfigSynchronization  stm32f1xx_hal_tim_ex.o
    0x08001d48   0x0000005a   Code   RO         2787    i.HAL_TIM_Base_Init  stm32f1xx_hal_tim.o
    0x08001da2   0x00000002   PAD
    0x08001da4   0x0000003c   Code   RO          334    i.HAL_TIM_Base_MspInit  tim.o
    0x08001de0   0x0000006c   Code   RO         2792    i.HAL_TIM_Base_Start_IT  stm32f1xx_hal_tim.o
    0x08001e4c   0x000000dc   Code   RO         2796    i.HAL_TIM_ConfigClockSource  stm32f1xx_hal_tim.o
    0x08001f28   0x000000a4   Code   RO         2808    i.HAL_TIM_Encoder_Init  stm32f1xx_hal_tim.o
    0x08001fcc   0x00000090   Code   RO          336    i.HAL_TIM_Encoder_MspInit  tim.o
    0x0800205c   0x0000008e   Code   RO         2811    i.HAL_TIM_Encoder_Start  stm32f1xx_hal_tim.o
    0x080020ea   0x00000002   Code   RO         2821    i.HAL_TIM_IC_CaptureCallback  stm32f1xx_hal_tim.o
    0x080020ec   0x00000166   Code   RO         2835    i.HAL_TIM_IRQHandler  stm32f1xx_hal_tim.o
    0x08002252   0x00000002   PAD
    0x08002254   0x00000070   Code   RO          337    i.HAL_TIM_MspPostInit  tim.o
    0x080022c4   0x00000002   Code   RO         2838    i.HAL_TIM_OC_DelayElapsedCallback  stm32f1xx_hal_tim.o
    0x080022c6   0x000000cc   Code   RO         2859    i.HAL_TIM_PWM_ConfigChannel  stm32f1xx_hal_tim.o
    0x08002392   0x0000005a   Code   RO         2862    i.HAL_TIM_PWM_Init  stm32f1xx_hal_tim.o
    0x080023ec   0x00000002   Code   RO         2864    i.HAL_TIM_PWM_MspInit  stm32f1xx_hal_tim.o
    0x080023ee   0x00000002   Code   RO         2865    i.HAL_TIM_PWM_PulseFinishedCallback  stm32f1xx_hal_tim.o
    0x080023f0   0x000000b4   Code   RO         2867    i.HAL_TIM_PWM_Start  stm32f1xx_hal_tim.o
    0x080024a4   0x00000114   Code   RO           15    i.HAL_TIM_PeriodElapsedCallback  main.o
    0x080025b8   0x00000002   Code   RO         2878    i.HAL_TIM_TriggerCallback  stm32f1xx_hal_tim.o
    0x080025ba   0x00000002   Code   RO         3770    i.HAL_UARTEx_RxEventCallback  stm32f1xx_hal_uart.o
    0x080025bc   0x00000002   Code   RO         3784    i.HAL_UART_ErrorCallback  stm32f1xx_hal_uart.o
    0x080025be   0x00000002   PAD
    0x080025c0   0x0000026c   Code   RO         3787    i.HAL_UART_IRQHandler  stm32f1xx_hal_uart.o
    0x0800282c   0x00000064   Code   RO         3788    i.HAL_UART_Init     stm32f1xx_hal_uart.o
    0x08002890   0x00000080   Code   RO          406    i.HAL_UART_MspInit  usart.o
    0x08002910   0x000000ac   Code   RO         3791    i.HAL_UART_Receive  stm32f1xx_hal_uart.o
    0x080029bc   0x00000002   Code   RO         3794    i.HAL_UART_RxCpltCallback  stm32f1xx_hal_uart.o
    0x080029be   0x00000002   Code   RO         3799    i.HAL_UART_TxCpltCallback  stm32f1xx_hal_uart.o
    0x080029c0   0x00000002   Code   RO          449    i.HardFault_Handler  stm32f1xx_it.o
    0x080029c2   0x0000003e   Code   RO         1262    i.I2C_ReadOneByte   ioi2c.o
    0x08002a00   0x00000040   Code   RO         1263    i.IIC_Ack           ioi2c.o
    0x08002a40   0x00000040   Code   RO         1264    i.IIC_NAck          ioi2c.o
    0x08002a80   0x0000006c   Code   RO         1265    i.IIC_Read_Byte     ioi2c.o
    0x08002aec   0x00000060   Code   RO         1266    i.IIC_Send_Byte     ioi2c.o
    0x08002b4c   0x00000050   Code   RO         1267    i.IIC_Start         ioi2c.o
    0x08002b9c   0x00000040   Code   RO         1268    i.IIC_Stop          ioi2c.o
    0x08002bdc   0x00000058   Code   RO         1269    i.IIC_Wait_Ack      ioi2c.o
    0x08002c34   0x0000000e   Code   RO         1270    i.IICreadByte       ioi2c.o
    0x08002c42   0x00000032   Code   RO         1272    i.IICwriteBit       ioi2c.o
    0x08002c74   0x00000054   Code   RO         1273    i.IICwriteBits      ioi2c.o
    0x08002cc8   0x0000000c   Code   RO         1274    i.IICwriteByte      ioi2c.o
    0x08002cd4   0x00000044   Code   RO         1275    i.IICwriteBytes     ioi2c.o
    0x08002d18   0x0000002a   Code   RO         1380    i.MPU6050_initialize  mpu6050.o
    0x08002d42   0x00000012   Code   RO         1382    i.MPU6050_setClockSource  mpu6050.o
    0x08002d54   0x00000012   Code   RO         1383    i.MPU6050_setFullScaleAccelRange  mpu6050.o
    0x08002d66   0x00000012   Code   RO         1384    i.MPU6050_setFullScaleGyroRange  mpu6050.o
    0x08002d78   0x0000000c   Code   RO         1385    i.MPU6050_setI2CBypassEnabled  mpu6050.o
    0x08002d84   0x0000000c   Code   RO         1386    i.MPU6050_setI2CMasterModeEnabled  mpu6050.o
    0x08002d90   0x0000000c   Code   RO         1387    i.MPU6050_setSleepEnabled  mpu6050.o
    0x08002d9c   0x00000050   Code   RO          287    i.MX_ADC2_Init      adc.o
    0x08002dec   0x000000d8   Code   RO          261    i.MX_GPIO_Init      gpio.o
    0x08002ec4   0x000000cc   Code   RO          338    i.MX_TIM3_Init      tim.o
    0x08002f90   0x00000070   Code   RO          339    i.MX_TIM4_Init      tim.o
    0x08003000   0x00000070   Code   RO          340    i.MX_TIM8_Init      tim.o
    0x08003070   0x00000038   Code   RO          407    i.MX_USART1_UART_Init  usart.o
    0x080030a8   0x00000002   Code   RO          450    i.MemManage_Handler  stm32f1xx_it.o
    0x080030aa   0x00000002   PAD
    0x080030ac   0x0000003c   Code   RO           16    i.MotorPidSetSpeed  main.o
    0x080030e8   0x00000022   Code   RO           18    i.Motor_Control     main.o
    0x0800310a   0x00000002   PAD
    0x0800310c   0x00000024   Code   RO           19    i.Motor_Left        main.o
    0x08003130   0x00000028   Code   RO           20    i.Motor_Right       main.o
    0x08003158   0x00000002   Code   RO          451    i.NMI_Handler       stm32f1xx_it.o
    0x0800315a   0x00000002   PAD
    0x0800315c   0x0000002c   Code   RO          563    i.OLED_Clear        bsp_oled.o
    0x08003188   0x0000003c   Code   RO          566    i.OLED_DrawPoint    bsp_oled.o
    0x080031c4   0x000000ec   Code   RO          567    i.OLED_Init         bsp_oled.o
    0x080032b0   0x0000004c   Code   RO          569    i.OLED_Refresh_Gram  bsp_oled.o
    0x080032fc   0x00000168   Code   RO           21    i.OLED_Show         main.o
    0x08003464   0x00000090   Code   RO          570    i.OLED_ShowChar     bsp_oled.o
    0x080034f4   0x0000003e   Code   RO          572    i.OLED_ShowString   bsp_oled.o
    0x08003532   0x00000002   PAD
    0x08003534   0x00000048   Code   RO          573    i.OLED_WR_Byte      bsp_oled.o
    0x0800357c   0x00000080   Code   RO          660    i.PID_Anglerealize  pid.o
    0x080035fc   0x000000b8   Code   RO          661    i.PID_init          pid.o
    0x080036b4   0x00000078   Code   RO          662    i.PID_realize       pid.o
    0x0800372c   0x00000002   Code   RO          452    i.PendSV_Handler    stm32f1xx_it.o
    0x0800372e   0x00000002   PAD
    0x08003730   0x000001e0   Code   RO         1389    i.Read_DMP          mpu6050.o
    0x08003910   0x00000002   Code   RO          453    i.SVC_Handler       stm32f1xx_it.o
    0x08003912   0x00000002   PAD
    0x08003914   0x0000002c   Code   RO          702    i.SysTick_Config    bsp_systick.o
    0x08003940   0x00000038   Code   RO          703    i.SysTick_Delay_Ms  bsp_systick.o
    0x08003978   0x00000038   Code   RO          704    i.SysTick_Delay_Us  bsp_systick.o
    0x080039b0   0x00000004   Code   RO          454    i.SysTick_Handler   stm32f1xx_it.o
    0x080039b4   0x0000007a   Code   RO           22    i.SystemClock_Config  main.o
    0x08003a2e   0x00000002   Code   RO         4122    i.SystemInit        system_stm32f1xx.o
    0x08003a30   0x0000000c   Code   RO          455    i.TIM3_IRQHandler   stm32f1xx_it.o
    0x08003a3c   0x0000008c   Code   RO         2880    i.TIM_Base_SetConfig  stm32f1xx_hal_tim.o
    0x08003ac8   0x0000001a   Code   RO         2881    i.TIM_CCxChannelCmd  stm32f1xx_hal_tim.o
    0x08003ae2   0x00000014   Code   RO         2891    i.TIM_ETR_SetConfig  stm32f1xx_hal_tim.o
    0x08003af6   0x00000010   Code   RO         2892    i.TIM_ITRx_SetConfig  stm32f1xx_hal_tim.o
    0x08003b06   0x00000002   PAD
    0x08003b08   0x00000060   Code   RO         2893    i.TIM_OC1_SetConfig  stm32f1xx_hal_tim.o
    0x08003b68   0x0000006c   Code   RO         2894    i.TIM_OC2_SetConfig  stm32f1xx_hal_tim.o
    0x08003bd4   0x00000068   Code   RO         2895    i.TIM_OC3_SetConfig  stm32f1xx_hal_tim.o
    0x08003c3c   0x00000050   Code   RO         2896    i.TIM_OC4_SetConfig  stm32f1xx_hal_tim.o
    0x08003c8c   0x00000022   Code   RO         2898    i.TIM_TI1_ConfigInputStage  stm32f1xx_hal_tim.o
    0x08003cae   0x00000024   Code   RO         2900    i.TIM_TI2_ConfigInputStage  stm32f1xx_hal_tim.o
    0x08003cd2   0x00000010   Code   RO         3801    i.UART_DMAAbortOnError  stm32f1xx_hal_uart.o
    0x08003ce2   0x0000004e   Code   RO         3811    i.UART_EndRxTransfer  stm32f1xx_hal_uart.o
    0x08003d30   0x000000c2   Code   RO         3813    i.UART_Receive_IT   stm32f1xx_hal_uart.o
    0x08003df2   0x00000002   PAD
    0x08003df4   0x000000b8   Code   RO         3814    i.UART_SetConfig    stm32f1xx_hal_uart.o
    0x08003eac   0x00000078   Code   RO         3817    i.UART_WaitOnFlagUntilTimeout  stm32f1xx_hal_uart.o
    0x08003f24   0x00000044   Code   RO          456    i.USART1_IRQHandler  stm32f1xx_it.o
    0x08003f68   0x00000002   Code   RO          457    i.UsageFault_Handler  stm32f1xx_it.o
    0x08003f6a   0x00000012   Code   RO           23    i.XianFu_PWM        main.o
    0x08003f7c   0x00000020   Code   RO         4418    i.__0printf         mc_w.l(printfa.o)
    0x08003f9c   0x00000028   Code   RO         4420    i.__0sprintf        mc_w.l(printfa.o)
    0x08003fc4   0x00000028   Code   RO         4494    i.__ARM_fpclassify  m_ws.l(fpclassify.o)
    0x08003fec   0x00000020   Code   RO         2298    i.__NVIC_SetPriority  stm32f1xx_hal_cortex.o
    0x0800400c   0x000000aa   Code   RO         4496    i.__kernel_poly     m_ws.l(poly.o)
    0x080040b6   0x00000006   Code   RO         4481    i.__mathlib_dbl_infnan  m_ws.l(dunder.o)
    0x080040bc   0x00000004   Code   RO         4482    i.__mathlib_dbl_infnan2  m_ws.l(dunder.o)
    0x080040c0   0x0000000c   Code   RO         4483    i.__mathlib_dbl_invalid  m_ws.l(dunder.o)
    0x080040cc   0x00000010   Code   RO         4486    i.__mathlib_dbl_underflow  m_ws.l(dunder.o)
    0x080040dc   0x0000000e   Code   RO         4562    i.__scatterload_copy  mc_w.l(handlers.o)
    0x080040ea   0x00000002   Code   RO         4563    i.__scatterload_null  mc_w.l(handlers.o)
    0x080040ec   0x0000000e   Code   RO         4564    i.__scatterload_zeroinit  mc_w.l(handlers.o)
    0x080040fa   0x00000002   PAD
    0x080040fc   0x0000000c   Code   RO         4534    i.__set_errno       mc_w.l(errno.o)
    0x08004108   0x00000164   Code   RO         4425    i._fp_digits        mc_w.l(printfa.o)
    0x0800426c   0x000006dc   Code   RO         4426    i._printf_core      mc_w.l(printfa.o)
    0x08004948   0x00000024   Code   RO         4427    i._printf_post_padding  mc_w.l(printfa.o)
    0x0800496c   0x0000002e   Code   RO         4428    i._printf_pre_padding  mc_w.l(printfa.o)
    0x0800499a   0x0000000a   Code   RO         4430    i._sputc            mc_w.l(printfa.o)
    0x080049a4   0x00000080   Code   RO          760    i.accel_self_test   inv_mpu.o
    0x08004a24   0x00000050   Code   RO          288    i.adcGetBatteryVoltage  adc.o
    0x08004a74   0x00000270   Code   RO         4157    i.asin              m_ws.l(asin.o)
    0x08004ce4   0x00000220   Code   RO         4471    i.atan              m_ws.l(atan.o)
    0x08004f04   0x00000180   Code   RO         4167    i.atan2             m_ws.l(atan2.o)
    0x08005084   0x0000003a   Code   RO         1083    i.dmp_enable_6x_lp_quat  inv_mpu_dmp_motion_driver.o
    0x080050be   0x00000002   PAD
    0x080050c0   0x000001d8   Code   RO         1084    i.dmp_enable_feature  inv_mpu_dmp_motion_driver.o
    0x08005298   0x0000003c   Code   RO         1085    i.dmp_enable_gyro_cal  inv_mpu_dmp_motion_driver.o
    0x080052d4   0x0000003a   Code   RO         1086    i.dmp_enable_lp_quat  inv_mpu_dmp_motion_driver.o
    0x0800530e   0x00000002   PAD
    0x08005310   0x00000014   Code   RO         1091    i.dmp_load_motion_driver_firmware  inv_mpu_dmp_motion_driver.o
    0x08005324   0x00000144   Code   RO         1092    i.dmp_read_fifo     inv_mpu_dmp_motion_driver.o
    0x08005468   0x000000d8   Code   RO         1095    i.dmp_set_accel_bias  inv_mpu_dmp_motion_driver.o
    0x08005540   0x00000064   Code   RO         1096    i.dmp_set_fifo_rate  inv_mpu_dmp_motion_driver.o
    0x080055a4   0x000000cc   Code   RO         1097    i.dmp_set_gyro_bias  inv_mpu_dmp_motion_driver.o
    0x08005670   0x0000010c   Code   RO         1099    i.dmp_set_orientation  inv_mpu_dmp_motion_driver.o
    0x0800577c   0x00000030   Code   RO         1102    i.dmp_set_shake_reject_thresh  inv_mpu_dmp_motion_driver.o
    0x080057ac   0x00000020   Code   RO         1103    i.dmp_set_shake_reject_time  inv_mpu_dmp_motion_driver.o
    0x080057cc   0x00000020   Code   RO         1104    i.dmp_set_shake_reject_timeout  inv_mpu_dmp_motion_driver.o
    0x080057ec   0x00000040   Code   RO         1105    i.dmp_set_tap_axes  inv_mpu_dmp_motion_driver.o
    0x0800582c   0x00000022   Code   RO         1106    i.dmp_set_tap_count  inv_mpu_dmp_motion_driver.o
    0x0800584e   0x00000002   PAD
    0x08005850   0x00000128   Code   RO         1107    i.dmp_set_tap_thresh  inv_mpu_dmp_motion_driver.o
    0x08005978   0x00000020   Code   RO         1108    i.dmp_set_tap_time  inv_mpu_dmp_motion_driver.o
    0x08005998   0x00000020   Code   RO         1109    i.dmp_set_tap_time_multi  inv_mpu_dmp_motion_driver.o
    0x080059b8   0x00000012   Code   RO         4521    i.fputc             mc_w.l(fputc.o)
    0x080059ca   0x00000002   PAD
    0x080059cc   0x000000ac   Code   RO          761    i.get_accel_prod_shift  inv_mpu.o
    0x08005a78   0x00000314   Code   RO          762    i.get_st_biases     inv_mpu.o
    0x08005d8c   0x000000d4   Code   RO          763    i.gyro_self_test    inv_mpu.o
    0x08005e60   0x00000070   Code   RO         1276    i.i2cRead           ioi2c.o
    0x08005ed0   0x00000054   Code   RO         1277    i.i2cWrite          ioi2c.o
    0x08005f24   0x00000048   Code   RO         1391    i.inv_row_2_scale   mpu6050.o
    0x08005f6c   0x000000cc   Code   RO           24    i.main              main.o
    0x08006038   0x00000054   Code   RO          764    i.mpu_configure_fifo  inv_mpu.o
    0x0800608c   0x0000003c   Code   RO          765    i.mpu_get_accel_fsr  inv_mpu.o
    0x080060c8   0x00000044   Code   RO          767    i.mpu_get_accel_sens  inv_mpu.o
    0x0800610c   0x00000034   Code   RO          773    i.mpu_get_gyro_fsr  inv_mpu.o
    0x08006140   0x00000040   Code   RO          775    i.mpu_get_gyro_sens  inv_mpu.o
    0x08006180   0x00000038   Code   RO          777    i.mpu_get_lpf       inv_mpu.o
    0x080061b8   0x0000001c   Code   RO          779    i.mpu_get_sample_rate  inv_mpu.o
    0x080061d4   0x00000188   Code   RO          781    i.mpu_init          inv_mpu.o
    0x0800635c   0x000000a0   Code   RO          782    i.mpu_load_firmware  inv_mpu.o
    0x080063fc   0x000000b8   Code   RO          783    i.mpu_lp_accel_mode  inv_mpu.o
    0x080064b4   0x00000090   Code   RO          786    i.mpu_read_fifo_stream  inv_mpu.o
    0x08006544   0x00000054   Code   RO          787    i.mpu_read_mem      inv_mpu.o
    0x08006598   0x00000150   Code   RO          790    i.mpu_reset_fifo    inv_mpu.o
    0x080066e8   0x000000f0   Code   RO          791    i.mpu_run_self_test  inv_mpu.o
    0x080067d8   0x00000068   Code   RO          793    i.mpu_set_accel_fsr  inv_mpu.o
    0x08006840   0x000000dc   Code   RO          794    i.mpu_set_bypass    inv_mpu.o
    0x0800691c   0x00000078   Code   RO          796    i.mpu_set_dmp_state  inv_mpu.o
    0x08006994   0x0000006c   Code   RO          797    i.mpu_set_gyro_fsr  inv_mpu.o
    0x08006a00   0x00000064   Code   RO          798    i.mpu_set_int_latched  inv_mpu.o
    0x08006a64   0x0000006c   Code   RO          800    i.mpu_set_lpf       inv_mpu.o
    0x08006ad0   0x00000080   Code   RO          801    i.mpu_set_sample_rate  inv_mpu.o
    0x08006b50   0x000000b8   Code   RO          802    i.mpu_set_sensors   inv_mpu.o
    0x08006c08   0x00000054   Code   RO          803    i.mpu_write_mem     inv_mpu.o
    0x08006c5c   0x00000002   Code   RO          804    i.myget_ms          inv_mpu.o
    0x08006c5e   0x0000007a   Code   RO         1392    i.run_self_test     mpu6050.o
    0x08006cd8   0x00000058   Code   RO          805    i.set_int_enable    inv_mpu.o
    0x08006d30   0x0000004c   Code   RO         4500    i.sqrt              m_ws.l(sqrt.o)
    0x08006d7c   0x00000a64   Data   RO          576    .constdata          bsp_oled.o
    0x080077e0   0x0000000c   Data   RO          806    .constdata          inv_mpu.o
    0x080077ec   0x0000001b   Data   RO          807    .constdata          inv_mpu.o
    0x08007807   0x00000001   PAD
    0x08007808   0x00000028   Data   RO          808    .constdata          inv_mpu.o
    0x08007830   0x00000bf6   Data   RO         1111    .constdata          inv_mpu_dmp_motion_driver.o
    0x08008426   0x00000012   Data   RO         1996    .constdata          stm32f1xx_hal_rcc.o
    0x08008438   0x00000012   Data   RO         2088    .constdata          stm32f1xx_hal_rcc_ex.o
    0x0800844a   0x00000010   Data   RO         4123    .constdata          system_stm32f1xx.o
    0x0800845a   0x00000008   Data   RO         4124    .constdata          system_stm32f1xx.o
    0x08008462   0x00000006   PAD
    0x08008468   0x00000050   Data   RO         4158    .constdata          m_ws.l(asin.o)
    0x080084b8   0x00000098   Data   RO         4472    .constdata          m_ws.l(atan.o)
    0x08008550   0x00000008   Data   RO         4498    .constdata          m_ws.l(qnan.o)
    0x08008558   0x0000004e   Data   RO          809    .conststring        inv_mpu.o
    0x080085a6   0x00000002   PAD
    0x080085a8   0x00000020   Data   RO         4560    Region$$Table       anon$$obj.o


    Execution Region RW_IRAM1 (Base: 0x20000000, Size: 0x00001008, Max: 0x0000c000, ABSOLUTE)

    Base Addr    Size         Type   Attr      Idx    E Section Name        Object

    0x20000000   0x00000034   Data   RW           27    .data               main.o
    0x20000034   0x00000001   Data   RW          459    .data               stm32f1xx_it.o
    0x20000035   0x00000003   PAD
    0x20000038   0x0000002c   Data   RW          810    .data               inv_mpu.o
    0x20000064   0x00000035   Data   RW         1394    .data               mpu6050.o
    0x20000099   0x00000003   PAD
    0x2000009c   0x0000000c   Data   RW         1833    .data               stm32f1xx_hal.o
    0x200000a8   0x00000004   Data   RW         4125    .data               system_stm32f1xx.o
    0x200000ac   0x00000004   Data   RW         4523    .data               mc_w.l(stdout.o)
    0x200000b0   0x00000004   Data   RW         4535    .data               mc_w.l(errno.o)
    0x200000b4   0x0000001e   Zero   RW           26    .bss                main.o
    0x200000d2   0x00000002   PAD
    0x200000d4   0x00000030   Zero   RW          289    .bss                adc.o
    0x20000104   0x000000d8   Zero   RW          341    .bss                tim.o
    0x200001dc   0x00000048   Zero   RW          408    .bss                usart.o
    0x20000224   0x00000100   Zero   RW          458    .bss                stm32f1xx_it.o
    0x20000324   0x00000400   Zero   RW          575    .bss                bsp_oled.o
    0x20000724   0x000000d0   Zero   RW          664    .bss                pid.o
    0x200007f4   0x00000010   Zero   RW         1110    .bss                inv_mpu_dmp_motion_driver.o
    0x20000804   0x00000004   PAD
    0x20000808   0x00000800   Zero   RW            1    STACK               startup_stm32f103xe.o


==============================================================================

Image component sizes


      Code (inc. data)   RO Data    RW Data    ZI Data      Debug   Object Name

       248         40          0          0         48       2156   adc.o
       694         38       2660          0       1024       5776   bsp_oled.o
       156         20          0          0          0      27365   bsp_systick.o
       216         16          0          0          0        979   gpio.o
      4498        280        157         44          0      27022   inv_mpu.o
      2350        118       3062          0         16      20050   inv_mpu_dmp_motion_driver.o
      1050         60          0          0          0      10278   ioi2c.o
      1230        238          0         52         30     508980   main.o
       962         34          0         53          0      33550   mpu6050.o
       432         64          0          0        208       2734   pid.o
        36          8        304          0       2048        796   startup_stm32f103xe.o
       164         28          0         12          0       6465   stm32f1xx_hal.o
      1268         58          0          0          0       6532   stm32f1xx_hal_adc.o
       198         14          0          0          0      28899   stm32f1xx_hal_cortex.o
       374          8          0          0          0       1815   stm32f1xx_hal_dma.o
       514         42          0          0          0       2884   stm32f1xx_hal_gpio.o
        60          8          0          0          0        858   stm32f1xx_hal_msp.o
      1240         84         18          0          0       5080   stm32f1xx_hal_rcc.o
       420         30         18          0          0       2501   stm32f1xx_hal_rcc_ex.o
      2226         96          0          0          0      17969   stm32f1xx_hal_tim.o
       128         20          0          0          0       2377   stm32f1xx_hal_tim_ex.o
      1492         10          0          0          0       9939   stm32f1xx_hal_uart.o
       100         18          0          1        256       5416   stm32f1xx_it.o
         2          0         24          4          0       1095   system_stm32f1xx.o
       744         76          0          0        216       4360   tim.o
       184         20          0          0         72       1666   usart.o

    ----------------------------------------------------------------------
     21028       1428       6284        172       3924     737542   Object Totals
         0          0         32          0          0          0   (incl. Generated)
        42          0          9          6          6          0   (incl. Padding)

    ----------------------------------------------------------------------

      Code (inc. data)   RO Data    RW Data    ZI Data      Debug   Library Member Name

       624         52         80          0          0        168   asin.o
       544         70        152          0          0        124   atan.o
       384         38          0          0          0        144   atan2.o
        38          6          0          0          0        272   dunder.o
        40          0          0          0          0         68   fpclassify.o
       170          0          0          0          0         96   poly.o
         0          0          8          0          0          0   qnan.o
        76          0          0          0          0         84   sqrt.o
         0          0          0          0          0          0   entry.o
         0          0          0          0          0          0   entry10a.o
         0          0          0          0          0          0   entry11a.o
         8          4          0          0          0          0   entry2.o
         4          0          0          0          0          0   entry5.o
         0          0          0          0          0          0   entry7b.o
         0          0          0          0          0          0   entry8b.o
         8          4          0          0          0          0   entry9a.o
        12          6          0          4          0         68   errno.o
        18          0          0          0          0         80   fputc.o
        30          0          0          0          0          0   handlers.o
        36          8          0          0          0         68   init.o
         0          0          0          0          0          0   iusefp.o
         0          0          0          0          0          0   iusesemip.o
        98          0          0          0          0         84   ldiv.o
        30          0          0          0          0         68   llshl.o
        36          0          0          0          0         68   llsshr.o
        32          0          0          0          0         68   llushr.o
        26          0          0          0          0         80   memcmp.o
        36          0          0          0          0        108   memseta.o
      2276         96          0          0          0        596   printfa.o
         0          0          0          0          0          0   semi.o
         0          0          0          4          0          0   stdout.o
        44          0          0          0          0         80   uidiv.o
        98          0          0          0          0         92   uldiv.o
        48          0          0          0          0         68   cdrcmple.o
        56          0          0          0          0         88   d2f.o
       334          0          0          0          0        148   dadd.o
       222          0          0          0          0        100   ddiv.o
       186          0          0          0          0        176   depilogue.o
        48          0          0          0          0         68   dfixul.o
       228          0          0          0          0         96   dmul.o
        46          0          0          0          0         80   dscalb.o
       162          0          0          0          0        100   dsqrt.o
        38          0          0          0          0         68   f2d.o
       176          0          0          0          0        140   fadd.o
       124          0          0          0          0         88   fdiv.o
       110          0          0          0          0        168   fepilogue.o
        50          0          0          0          0         68   ffixi.o
        40          0          0          0          0         68   ffixui.o
        18          0          0          0          0         68   fflti.o
        10          0          0          0          0         68   ffltui.o
       100          0          0          0          0         76   fmul.o
        24          0          0          0          0         68   fscalb.o

    ----------------------------------------------------------------------
      6696        284        240          8          0       4220   Library Totals
         8          0          0          0          0          0   (incl. Padding)

    ----------------------------------------------------------------------

      Code (inc. data)   RO Data    RW Data    ZI Data      Debug   Library Name

      1876        166        240          0          0        956   m_ws.l
      2792        118          0          8          0       1460   mc_w.l
      2020          0          0          0          0       1804   mf_w.l

    ----------------------------------------------------------------------
      6696        284        240          8          0       4220   Library Totals

    ----------------------------------------------------------------------

==============================================================================


      Code (inc. data)   RO Data    RW Data    ZI Data      Debug   

     27724       1712       6524        180       3924     729954   Grand Totals
     27724       1712       6524        180       3924     729954   ELF Image Totals
     27724       1712       6524        180          0          0   ROM Totals

==============================================================================

    Total RO  Size (Code + RO Data)                34248 (  33.45kB)
    Total RW  Size (RW Data + ZI Data)              4104 (   4.01kB)
    Total ROM Size (Code + RO Data + RW Data)      34428 (  33.62kB)

==============================================================================

